nohup: ignoring input
[INFO] Scanning for projects...
[WARNING] 
[WARNING] Some problems were encountered while building the effective model for com.example:demo1:jar:0.0.1-SNAPSHOT
[WARNING] 'dependencies.dependency.(groupId:artifactId:type:classifier)' must be unique: org.springframework.boot:spring-boot-starter-jdbc:jar -> duplicate declaration of version (?) @ line 58, column 21
[WARNING] 
[WARNING] It is highly recommended to fix these problems because they threaten the stability of your build.
[WARNING] 
[WARNING] For this reason, future Maven versions might no longer support building such malformed projects.
[WARNING] 
[INFO] 
[INFO] -------------------------< com.example:demo1 >--------------------------
[INFO] Building demo1 0.0.1-SNAPSHOT
[INFO]   from pom.xml
[INFO] --------------------------------[ jar ]---------------------------------
[INFO] 
[INFO] >>> spring-boot:4.0.5:run (default-cli) > test-compile @ demo1 >>>
[INFO] 
[INFO] --- resources:3.3.1:resources (default-resources) @ demo1 ---
[INFO] Copying 1 resource from src/main/resources to target/classes
[INFO] Copying 38 resources from src/main/resources to target/classes
[INFO] 
[INFO] --- compiler:3.14.1:compile (default-compile) @ demo1 ---
[INFO] Nothing to compile - all classes are up to date.
[INFO] 
[INFO] --- resources:3.3.1:testResources (default-testResources) @ demo1 ---
[INFO] skip non existing resourceDirectory /home/rembrandt/web_server/reader_back/src/test/resources
[INFO] 
[INFO] --- compiler:3.14.1:testCompile (default-testCompile) @ demo1 ---
[INFO] Nothing to compile - all classes are up to date.
[INFO] 
[INFO] <<< spring-boot:4.0.5:run (default-cli) < test-compile @ demo1 <<<
[INFO] 
[INFO] 
[INFO] --- spring-boot:4.0.5:run (default-cli) @ demo1 ---
[INFO] Attaching agents: []

  .   ____          _            __ _ _
 /\\ / ___'_ __ _ _(_)_ __  __ _ \ \ \ \
( ( )\___ | '_ | '_| | '_ \/ _` | \ \ \ \
 \\/  ___)| |_)| | | | | || (_| |  ) ) ) )
  '  |____| .__|_| |_|_| |_\__, | / / / /
 =========|_|==============|___/=/_/_/_/

 :: Spring Boot ::                (v4.0.5)

2026-09-30T15:36:35.471-04:00  INFO 671062 --- [demo1] [           main] c.e.demo.SpringBootTutorialApplication   : Starting SpringBootTutorialApplication using Java 26.0.2.1 with PID 671062 (/home/rembrandt/web_server/reader_back/target/classes started by rembrandt in /home/rembrandt/web_server/reader_back)
2026-09-30T15:36:35.476-04:00  INFO 671062 --- [demo1] [           main] c.e.demo.SpringBootTutorialApplication   : No active profile set, falling back to 1 default profile: "default"
2026-09-30T15:36:36.492-04:00  INFO 671062 --- [demo1] [           main] o.s.boot.tomcat.TomcatWebServer          : Tomcat initialized with port 58000 (http)
2026-09-30T15:36:36.505-04:00  INFO 671062 --- [demo1] [           main] o.apache.catalina.core.StandardService   : Starting service [Tomcat]
2026-09-30T15:36:36.506-04:00  INFO 671062 --- [demo1] [           main] o.apache.catalina.core.StandardEngine    : Starting Servlet engine: [Apache Tomcat/11.0.20]
2026-09-30T15:36:36.551-04:00  INFO 671062 --- [demo1] [           main] b.w.c.s.WebApplicationContextInitializer : Root WebApplicationContext: initialization completed in 1022 ms
2026-09-30T15:36:36.707-04:00  INFO 671062 --- [demo1] [           main] o.s.b.w.a.WelcomePageHandlerMapping      : Adding welcome page: class path resource [static/index.html]
2026-09-30T15:36:36.966-04:00  INFO 671062 --- [demo1] [           main] o.s.boot.tomcat.TomcatWebServer          : Tomcat started on port 58000 (http) with context path '/'
2026-09-30T15:36:36.973-04:00  INFO 671062 --- [demo1] [           main] c.e.demo.SpringBootTutorialApplication   : Started SpringBootTutorialApplication in 1.979 seconds (process running for 2.361)
2026-09-30T15:36:37.023-04:00  INFO 671062 --- [demo1] [.1-58000-exec-1] o.a.c.c.C.[Tomcat].[localhost].[/]       : Initializing Spring DispatcherServlet 'dispatcherServlet'
2026-09-30T15:36:37.023-04:00  INFO 671062 --- [demo1] [.1-58000-exec-1] o.s.web.servlet.DispatcherServlet        : Initializing Servlet 'dispatcherServlet'
2026-09-30T15:36:37.025-04:00  INFO 671062 --- [demo1] [.1-58000-exec-1] o.s.web.servlet.DispatcherServlet        : Completed initialization in 2 ms
2026-09-30T15:36:37.161-04:00  INFO 671062 --- [demo1] [1-58000-exec-10] com.zaxxer.hikari.HikariDataSource       : HikariPool-1 - Starting...
2026-09-30T15:36:37.298-04:00  INFO 671062 --- [demo1] [1-58000-exec-10] com.zaxxer.hikari.pool.HikariPool        : HikariPool-1 - Added connection org.mariadb.jdbc.Connection@49f0477b
2026-09-30T15:36:37.300-04:00  INFO 671062 --- [demo1] [1-58000-exec-10] com.zaxxer.hikari.HikariDataSource       : HikariPool-1 - Start completed.
any activation
basic construction terminal point reached
dto return reached
com.example.demo.ArticleDetailDTO@53521ac8
any activation
basic construction terminal point reached
dto return reached
com.example.demo.ArticleDetailDTO@56ff3eaf
any activation
basic construction terminal point reached
dto return reached
com.example.demo.ArticleDetailDTO@63a6d02a
any activation
basic construction terminal point reached
dto return reached
com.example.demo.ArticleDetailDTO@2e38eec5
any activation
basic construction terminal point reached
dto return reached
com.example.demo.ArticleDetailDTO@281a5b93
any activation
basic construction terminal point reached
dto return reached
com.example.demo.ArticleDetailDTO@6a0ffb18
any activation
basic construction terminal point reached
dto return reached
com.example.demo.ArticleDetailDTO@6944a4ed
any activation
basic construction terminal point reached
dto return reached
com.example.demo.ArticleDetailDTO@237147f9
