nohup: ignoring input
[INFO] Scanning for projects...
[INFO] 
[INFO] --------------------------< com.example:demo >--------------------------
[INFO] Building demo 0.0.1-SNAPSHOT
[INFO]   from pom.xml
[INFO] --------------------------------[ jar ]---------------------------------
[INFO] 
[INFO] >>> spring-boot:4.0.5:run (default-cli) > test-compile @ demo >>>
[INFO] 
[INFO] --- resources:3.3.1:resources (default-resources) @ demo ---
[INFO] Copying 1 resource from src/main/resources to target/classes
[INFO] Copying 6 resources from src/main/resources to target/classes
[INFO] 
[INFO] --- compiler:3.14.1:compile (default-compile) @ demo ---
[INFO] Recompiling the module because of changed source code.
[INFO] Compiling 2 source files with javac [debug parameters release 26] to target/classes
[INFO] 
[INFO] --- resources:3.3.1:testResources (default-testResources) @ demo ---
[INFO] skip non existing resourceDirectory /home/rembrandt/web_server/writer_back/src/test/resources
[INFO] 
[INFO] --- compiler:3.14.1:testCompile (default-testCompile) @ demo ---
[INFO] Recompiling the module because of changed dependency.
[INFO] Compiling 1 source file with javac [debug parameters release 26] to target/test-classes
[INFO] 
[INFO] <<< spring-boot:4.0.5:run (default-cli) < test-compile @ demo <<<
[INFO] 
[INFO] 
[INFO] --- spring-boot:4.0.5:run (default-cli) @ demo ---
[INFO] Attaching agents: []

  .   ____          _            __ _ _
 /\\ / ___'_ __ _ _(_)_ __  __ _ \ \ \ \
( ( )\___ | '_ | '_| | '_ \/ _` | \ \ \ \
 \\/  ___)| |_)| | | | | || (_| |  ) ) ) )
  '  |____| .__|_| |_|_| |_\__, | / / / /
 =========|_|==============|___/=/_/_/_/

 :: Spring Boot ::                (v4.0.5)

2026-09-30T16:55:04.633-04:00  INFO 683605 --- [demo] [           main] o.e.s.SpringBootTutorialApplication      : Starting SpringBootTutorialApplication using Java 26.0.2.1 with PID 683605 (/home/rembrandt/web_server/writer_back/target/classes started by rembrandt in /home/rembrandt/web_server/writer_back)
2026-09-30T16:55:04.637-04:00  INFO 683605 --- [demo] [           main] o.e.s.SpringBootTutorialApplication      : No active profile set, falling back to 1 default profile: "default"
2026-09-30T16:55:05.821-04:00  INFO 683605 --- [demo] [           main] o.s.boot.tomcat.TomcatWebServer          : Tomcat initialized with port 9000 (http)
2026-09-30T16:55:05.835-04:00  INFO 683605 --- [demo] [           main] o.apache.catalina.core.StandardService   : Starting service [Tomcat]
2026-09-30T16:55:05.836-04:00  INFO 683605 --- [demo] [           main] o.apache.catalina.core.StandardEngine    : Starting Servlet engine: [Apache Tomcat/11.0.20]
2026-09-30T16:55:05.882-04:00  INFO 683605 --- [demo] [           main] b.w.c.s.WebApplicationContextInitializer : Root WebApplicationContext: initialization completed in 1179 ms
activated
2026-09-30T16:55:06.735-04:00  INFO 683605 --- [demo] [           main] r$InitializeUserDetailsManagerConfigurer : Global AuthenticationManager configured with UserDetailsService bean with name userDetailsService
2026-09-30T16:55:06.876-04:00  INFO 683605 --- [demo] [           main] o.s.b.w.a.WelcomePageHandlerMapping      : Adding welcome page: class path resource [static/index.html]
2026-09-30T16:55:07.148-04:00  INFO 683605 --- [demo] [           main] o.s.boot.tomcat.TomcatWebServer          : Tomcat started on port 9000 (http) with context path '/'
2026-09-30T16:55:07.155-04:00  INFO 683605 --- [demo] [           main] o.e.s.SpringBootTutorialApplication      : Started SpringBootTutorialApplication in 3.002 seconds (process running for 3.384)
2026-09-30T16:55:07.352-04:00  INFO 683605 --- [demo] [0.1-9000-exec-1] o.a.c.c.C.[Tomcat].[localhost].[/]       : Initializing Spring DispatcherServlet 'dispatcherServlet'
2026-09-30T16:55:07.352-04:00  INFO 683605 --- [demo] [0.1-9000-exec-1] o.s.web.servlet.DispatcherServlet        : Initializing Servlet 'dispatcherServlet'
2026-09-30T16:55:07.354-04:00  INFO 683605 --- [demo] [0.1-9000-exec-1] o.s.web.servlet.DispatcherServlet        : Completed initialization in 2 ms
2026-09-30T16:55:07.368-04:00  WARN 683605 --- [demo] [0.1-9000-exec-1] o.s.w.s.h.HandlerMappingIntrospector     : Cache miss for REQUEST dispatch to '/' (previous null). Performing CorsConfiguration lookup. This is logged once only at WARN level, and every time at TRACE.
2026-09-30T16:55:11.924-04:00  INFO 683605 --- [demo] [0.1-9000-exec-4] com.zaxxer.hikari.HikariDataSource       : HikariPool-1 - Starting...
2026-09-30T16:55:12.098-04:00  INFO 683605 --- [demo] [0.1-9000-exec-4] com.zaxxer.hikari.pool.HikariPool        : HikariPool-1 - Added connection org.mariadb.jdbc.Connection@3601e1a8
2026-09-30T16:55:12.100-04:00  INFO 683605 --- [demo] [0.1-9000-exec-4] com.zaxxer.hikari.HikariDataSource       : HikariPool-1 - Start completed.
