  skip 40008: category not mapped: 留学攻略
  skip 40009: category not mapped: 留学攻略
  skip 40110: category not mapped: 地产精英汇
  skip 40111: category not mapped: 地产精英汇
  skip 40149: category not mapped: 留学攻略
  skip 40150: produced zero blocks
    skip image, not archived: https://lh7-rt.googleusercontent.com/docsz/AD_4nXevmTodvSSks4eJ7ruMCoWwMnOwOZqh3-k1snWCAqVgCDdVnuNFA5vHRJZAILhZTLppb9pDQQMu55PXz1wBgZRB0Aum96lsewTwU2sta-wUAvEz28l9cpVdNhQEq2fvlDDm3HhT4A?key=y4w9uqqz-GwhSz6PhCeeJnOc
  skip 40170: category not mapped: 房屋市场
  skip 40171: category not mapped: 房屋市场
  skip 40174: category not mapped: 留学攻略
    skip video, not archived: http://app.ifengus.com/2025/Mar/USNEWS/0325XW/0.mp4
  skip 40192: produced zero blocks
    skip video, not archived: http://app.ifengus.com/2025/Mar/FCMZ/0401.mp4
  skip 40213: produced zero blocks
  skip 40230: category not mapped: 留学攻略
  skip 40307: category not mapped: 中西医
  skip 40308: category not mapped: 中西医
  skip 40309: category not mapped: 中西医
  skip 40310: category not mapped: 中西医
    skip video, not archived: http://app.ifengus.com/2025/Sept/FCMZ/0923.mp4
  skip 40586: produced zero blocks
  skip 40607: category not mapped: 留学攻略
  skip 40613: category not mapped: 粤语新闻
    skip image, not archived: https://statics.xiumi.us/stc/images/templates-assets/tpl-paper/image/3cf0c13abe591648c2010b6587fb5e9f-sz_6939.png
  skip 40800: produced zero blocks
    skip video, not archived: http://app.ifengus.com/2025/Dec/TTHT/1202.mp4
  skip 40801: produced zero blocks
    skip video, not archived: http://app.ifengus.com/2025/Dec/USNEWS/1211/0.mp4
  skip 40837: produced zero blocks
  skip 40882: category not mapped: 移民法
    skip image, not archived: https://ci3.googleusercontent.com/meips/ADKq_Nbqo_TMSrwAlzBXhZf4ZoomD_qU6EtQTBXpqyiqAT5GyJusjYYCnEe5MLrAmr2nwiwEb-R3viVs0vG_eruCZ0aS0W8s5GtghkVTPOkCThPxFO1GOtm7U4JC1UVaIPAvEluz8DlHP4ygTFQ=s0-d-e1-ft#https://i1.cmail19.com/ei/d/AA/B5D/5B4/055547/csfinal/wellgo-logo-color-vertical.png
    skip image, not archived: https://ci3.googleusercontent.com/meips/ADKq_NbNVDWRSYHi4ci9R_xLcHqaQ9l26R5Dgvq5JhPRi4_VQJxEnh2tuQ-5nPaArX6ITA1usWaJxQnTbKJD-3DWFhX98lV7VoCzFu0rYxOGggPGSRFUaQx70codVUQYfRE5N36GLA=s0-d-e1-ft#https://i1.cmail19.com/ei/d/AA/B5D/5B4/055547/csfinal/01-9900000000079e3c.jpg
    skip image, not archived: https://ci3.googleusercontent.com/meips/ADKq_NZkHLpb6tjmN4dF4b_Gl-x77PYiwjm5Gx-6cAy0XFFMfK1NDSERVSzWdkuusiEJ61aixa7rByWFeuUKTnd9FPdDol9LPDjZwHjRRHAi2-LWEdMg9YPq=s0-d-e1-ft#https://i1.cmail19.com/ei/d/AA/B5D/5B4/055546/csfinal/image1.jpg
  skip 40926: produced zero blocks
    skip video, not archived: http://app.ifengus.com/2026/Jan/FHZX/FH-1.mp4
  skip 40951: produced zero blocks
    skip video, not archived: http://app.ifengus.com/2026/Jan/FHZX/FH-2.mp4
  skip 40952: produced zero blocks
  skip 40997: category not mapped: 留学攻略
  skip 41043: category not mapped: 报税
    skip video, not archived: http://http//app.ifengus.com/2026/Mar/FHZX/0325/fh2.mp4
  skip 41046: produced zero blocks
  skip 41089: category not mapped: 国际
    skip video, not archived: http://app.ifengus.com/2026/Jul/chengdu/%E8%A5%BF%E6%9C%9B%E6%88%90%E9%83%BD_%E7%AC%AC%E4%B8%80%E6%9C%9F-%E7%AC%AC%E4%B8%89%E6%9C%9F_%20%E7%94%9F%E7%94%9F%E4%B8%8D%E5%B7%B2%20%E5%AE%89%E4%B9%90%E5%93%B2%E4%B8%8E%E4%B8%AD%E5%9B%BD%E5%93%B2%E5%AD%A6-%E5%A4%96%E6%B5%B7%E4%BE%9B%E6%92%AD%E8%A5%BF%E6%9C%9B%E6%A0%87_%E4%B8%89%E9%9B%86%E9%80%A3%E6%92%AD_HD_36min_Chinese.mp4
  skip 41112: produced zero blocks
    skip video, not archived: sftp://ftpadmin@appadmin.ifengus.com/home/tomcat/ROOT/2026CES/08%20%E5%82%B3%E4%B8%9E%E7%92%B0%E7%90%83%E8%88%87%E7%92%BD%E6%A0%BC%E5%92%8CVibeLens%E5%85%B1%E5%90%8C%E6%8E%A8%E5%87%BA%E5%85%A8%E6%96%B0%E8%80%B3%E6%A9%9F.mp4
  skip 41124: produced zero blocks

16 media URLs had no archived file:
  https://ifengus.com/assets/addons/cms/img/noimage.jpg
  https://lh7-rt.googleusercontent.com/docsz/AD_4nXevmTodvSSks4eJ7ruMCoWwMnOwOZqh3-k1snWCAqVgCDdVnuNFA5vHRJZAILhZTLppb9pDQQMu55PXz1wBgZRB0Aum96lsewTwU2sta-wUAvEz28l9cpVdNhQEq2fvlDDm3HhT4A?key=y4w9uqqz-GwhSz6PhCeeJnOc
  http://app.ifengus.com/2025/Mar/USNEWS/0325XW/0.mp4
  http://app.ifengus.com/2025/Mar/FCMZ/0401.mp4
  http://app.ifengus.com/2025/Sept/FCMZ/0923.mp4
  https://statics.xiumi.us/stc/images/templates-assets/tpl-paper/image/3cf0c13abe591648c2010b6587fb5e9f-sz_6939.png
  http://app.ifengus.com/2025/Dec/TTHT/1202.mp4
  http://app.ifengus.com/2025/Dec/USNEWS/1211/0.mp4
  https://ci3.googleusercontent.com/meips/ADKq_Nbqo_TMSrwAlzBXhZf4ZoomD_qU6EtQTBXpqyiqAT5GyJusjYYCnEe5MLrAmr2nwiwEb-R3viVs0vG_eruCZ0aS0W8s5GtghkVTPOkCThPxFO1GOtm7U4JC1UVaIPAvEluz8DlHP4ygTFQ=s0-d-e1-ft#https://i1.cmail19.com/ei/d/AA/B5D/5B4/055547/csfinal/wellgo-logo-color-vertical.png
  https://ci3.googleusercontent.com/meips/ADKq_NbNVDWRSYHi4ci9R_xLcHqaQ9l26R5Dgvq5JhPRi4_VQJxEnh2tuQ-5nPaArX6ITA1usWaJxQnTbKJD-3DWFhX98lV7VoCzFu0rYxOGggPGSRFUaQx70codVUQYfRE5N36GLA=s0-d-e1-ft#https://i1.cmail19.com/ei/d/AA/B5D/5B4/055547/csfinal/01-9900000000079e3c.jpg
  https://ci3.googleusercontent.com/meips/ADKq_NZkHLpb6tjmN4dF4b_Gl-x77PYiwjm5Gx-6cAy0XFFMfK1NDSERVSzWdkuusiEJ61aixa7rByWFeuUKTnd9FPdDol9LPDjZwHjRRHAi2-LWEdMg9YPq=s0-d-e1-ft#https://i1.cmail19.com/ei/d/AA/B5D/5B4/055546/csfinal/image1.jpg
  http://app.ifengus.com/2026/Jan/FHZX/FH-1.mp4
  http://app.ifengus.com/2026/Jan/FHZX/FH-2.mp4
  http://http//app.ifengus.com/2026/Mar/FHZX/0325/fh2.mp4
  http://app.ifengus.com/2026/Jul/chengdu/%E8%A5%BF%E6%9C%9B%E6%88%90%E9%83%BD_%E7%AC%AC%E4%B8%80%E6%9C%9F-%E7%AC%AC%E4%B8%89%E6%9C%9F_%20%E7%94%9F%E7%94%9F%E4%B8%8D%E5%B7%B2%20%E5%AE%89%E4%B9%90%E5%93%B2%E4%B8%8E%E4%B8%AD%E5%9B%BD%E5%93%B2%E5%AD%A6-%E5%A4%96%E6%B5%B7%E4%BE%9B%E6%92%AD%E8%A5%BF%E6%9C%9B%E6%A0%87_%E4%B8%89%E9%9B%86%E9%80%A3%E6%92%AD_HD_36min_Chinese.mp4
  sftp://ftpadmin@appadmin.ifengus.com/home/tomcat/ROOT/2026CES/08%20%E5%82%B3%E4%B8%9E%E7%92%B0%E7%90%83%E8%88%87%E7%92%BD%E6%A0%BC%E5%92%8CVibeLens%E5%85%B1%E5%90%8C%E6%8E%A8%E5%87%BA%E5%85%A8%E6%96%B0%E8%80%B3%E6%A9%9F.mp4
