authenticated as mx
1117 articles from /var/archive/pages/a

  ok 40000 -> 71  [ii]  IONIQ 5已連續三年入選《Car and Driver》十大最佳卡車與休旅車榜單
  ok 40001 -> 72  [v]  历史的真相 里斯本丸沉没
  ok 40002 -> 73  [i]  《一切為了孩子》
  ok 40003 -> 74  [ppippipppipppippippippipppippppppppv]  悠游 | 当你呼吸会想到什麽
  ok 40004 -> 75  [v]  超简单快手版水煮鱼 秒变川菜高手！
  ok 40005 -> 76  [ppipppppp]  長榮航空首次入選道瓊永續指數(DJSI)成分股
  ok 40006 -> 77  [pipipppippp]  麥當勞McRib Caroloke節日巴士巡演為紐約市帶來節日歡樂
  ok 40007 -> 78  [ppppv]  茅台香飘世界 品鉴会
  skip 40008: category not mapped: 留学攻略
  skip 40009: category not mapped: 留学攻略
  ok 40010 -> 79  [pppv]  茅台杯高尔夫巡回赛南加州圆满落幕
  ok 40011 -> 80  [v]  别再吃错了！选姜、吃姜的健康秘诀
  ok 40012 -> 81  [ip]  拜登總統致函賀慈濟美國35周年
  ok 40013 -> 82  [i]  美国CDC确认全国首例严重H5N1病例 加州进入紧急状态
  ok 40014 -> 83  [v]  超简单！提升免疫力的神奇水果茶
  ok 40015 -> 84  [i]  「大莊家賭場度假村」隆重呈獻新春好運$250,000獎賞送大禮
  ok 40016 -> 85  [i]  「天河大賭場」2025 CORVETTE 或保時捷 Macan豪華跑車送大禮
  ok 40017 -> 86  [v]  环球星动祝大家节日快乐
  ok 40018 -> 87  [iv]  悠游 | 你也喜欢看别人的家吗？
  ok 40019 -> 88  [ppppppippp]  佛州外卖员嫌小费少连刺怀孕顾客14刀
  ok 40020 -> 89  [i]  太平洋合唱团橙县音乐会圆满成功
  ok 40021 -> 90  [v]  科技大佬纷纷看好特朗普新政
  ok 40022 -> 91  [v]  手脚冰凉？教你3款暖身饮料，一学就会！
  ok 40023 -> 92  [v]  特朗普2.0時代關稅大棒，加拿大如何應對？ 上
  ok 40024 -> 93  [v]  特朗普2.0時代關稅大棒，加拿大如何應對？ 下
  ok 40025 -> 94  [iii]  用爱点亮星空  2024星光杯关爱自闭症圣诞音乐会洛杉矶举行
  ok 40026 -> 95  [v]  一学就会的养生美颜茶！蜂蜜柠檬姜茶
  ok 40027 -> 96  [i]  蓝湖集团荣获食品行业3A级称号
  ok 40028 -> 97  [i]  現代汽車為電動車車主免費提供北美充電轉接器，帶來更多便利
  ok 40029 -> 98  [v]  极简版红油抄手！一口一个！巨好吃
  ok 40030 -> 99  [pppipipppiiiipppppppippppppppipppppppppppppppv]  悠游 | 好莱坞泰国城你吃过吗？
  ok 40031 -> 100  [i]  UPAC唐艺舞坊举办「只此青绿爱心回馈粉丝庆功交流会」
  ok 40032 -> 101  [p]  国泰银行启动2025年奖学金申请
  ok 40033 -> 102  [i]  華埠服務中心牙科診所進駐哈崗 造福東聖蓋柏谷區居民
  ok 40034 -> 103  [v]  2024年新聞回顧
  ok 40035 -> 104  [v]  特朗普： 已与习近平沟通
  ok 40036 -> 105  [i]  《誤判》1月10日即将震撼上映！院線信息全面公開
  ok 40037 -> 106  [v]  特朗普促北约增加国防开支
  ok 40038 -> 107  [v]  加州三地山火蔓延
  ok 40039 -> 108  [v]  LA宝藏台湾菜：总铺师Momo Bistro | 林慧懿探店
  ok 40040 -> 109  [ppippp]  麥當勞全新 McValue 平台華麗現身
  ok 40041 -> 110  [pppipppipppipppipppipppipipppippppppppppv]  悠游 | 去西木区热门景点转转
  ok 40042 -> 111  [pippipipippppp]  关注亚裔心理健康 为火灾重建注入爱 东和心康第三届公益跑圆满落幕
  ok 40043 -> 112  [ppipp]  版权保护为云南民族民间非遗文化点亮希望之光
  ok 40044 -> 113  [v]  南加山火仅8%受控
  ok 40045 -> 114  [ipppp]  美国出现首例H5N1死亡病例
  ok 40046 -> 115  [ppppppii]  孫氏家族基金會加碼捐贈 5,000 萬美元，助力霍格醫院爾灣創新院區擴建，總捐款額達 1 億美元
  ok 40047 -> 116  [pppppppppppppppppppppppppppppp]  KIA 美國向美國紅十字會捐贈 $250,000 用於洛杉磯山火救援
  ok 40048 -> 117  [pppipi]  加州將於 2025 年新申請的帶薪家事假和殘障福利提高至歷史新高
  ok 40049 -> 118  [pppppppppp]  關懷南加山火災民 慈濟美國動起來
  ok 40051 -> 119  [ppppppppppp]  王欣獲任命為紐約人壽 2024 年業務代表精英委員會主席
  ok 40052 -> 120  [iippippippippipp]  英诺纳米射流技术公司向洛杉矶受野火影响的老年护理中心、学校和医院捐赠CDa空气净化器
  ok 40053 -> 121  [v]  加州州长谈重建
  ok 40054 -> 122  [v]  检察官：若非胜选，特朗普将被定罪
  ok 40055 -> 123  [ppppp]  華埠服務中心(Chinatown Service Center)致力於協助受洛杉磯山火影響的家庭重建生活
  ok 40056 -> 124  [ip]  《封神第二部》定档北美！1月29日IMAX震撼首映！
  ok 40057 -> 125  [ppippipppippippiipippppipippppippipipiiipppipppppppppppppv]  悠游 | 不收钱的宝藏博物馆
  ok 40058 -> 126  [v]  拜登：加沙停火协议达成
  ok 40059 -> 127  [ipipipipppppppippppppipppppipiippppppppppppppppppppppppppppppppppppppppppp]  春节有家，更有《封神第二部》IMAX！北美观众不孤单！
  ok 40060 -> 128  [ii]  第三届 Rancho Cucamong 农历蛇年庆典隆重登场  盛大开启 California Culture Festival 蛇年系列庆典
  ok 40061 -> 129  [i]  PECHANGA部族承諾捐贈50萬美元援助洛杉磯大火受災民眾
  ok 40062 -> 130  [pippppppppppppppp]  詢問NAPCA專欄 #14
  ok 40063 -> 131  [i]  華人旅館業者捐30房間給災民
  ok 40064 -> 132  [v]  习近平和特朗普通电话
  ok 40065 -> 133  [i]  慈濟美國1月18日啟動賑災現值卡發放
  ok 40066 -> 134  [iv]  【在美国找年味儿？】来万豪年夜饭，年味儿就“到味”了！
  ok 40067 -> 135  [v]  特朗普废除78项拜登政策
  ok 40068 -> 136  [v]  马斯克给星门项目泼冷水
  ok 40069 -> 137  [i]  《封神第二部: 战火西岐》即将登陆洛杉矶影院！
  ok 40070 -> 138  [i]  慈濟美國1月22日山火賑災發放
  ok 40071 -> 139  [ipppppppppppppppppppppppppppppppppppppppppppppppppppppppppppppppppppppppppppppppppppppppppppppppppppppppppppppppppppppppppppppppppppppppppppppppppppppppppppppp]  《封神第二部》將於1月29日於IMAX上映，並於1月31日全面擴展至大銀幕
  ok 40072 -> 140  [ipppppppppp]  華美銀行公佈2024年全年和第四季度財報
  ok 40073 -> 141  [iv]  悠游 | 一起来，巳巳如意！
  ok 40074 -> 142  [i]  回收有回報：East Los Angeles機油濾油器回收活動！
  ok 40076 -> 143  [pppp]  新研究指出女性长期COVID风险更高 少数族裔儿童存在差异
  ok 40077 -> 144  [ipppp]  亚凯迪亚跑马场举办「庆贺金蛇大吉· 农历中国新年活动」
  ok 40078 -> 145  [pppippppppppppppppppppppp]  受加州野火和強風影響的洛杉磯縣在職人士現可獲得災難失業援助 (DUA)
  ok 40079 -> 146  [i]  現代汽車榮獲九項Car and Driver編輯首選大獎
  ok 40080 -> 147  [v]  旧金山花市人潮爆棚
  ok 40081 -> 148  [iv]  悠游 | 原来钛金可以这么美！
  ok 40082 -> 149  [pppppppp]  不断演变的 H5N1 威胁
  ok 40083 -> 150  [v]  白宫：2月1日起实施关税
  ok 40084 -> 151  [pppppppppppp]  「大莊家賭場度假村」恭祝各位 新春如意
  ok 40085 -> 152  [p]  「天河大賭場」賀新歲
  ok 40086 -> 153  [ipipppippp]  亞馬遜汽車平台上現可直接將現代汽車「加入購物車」
  ok 40087 -> 154  [v]  美加、美墨达成协议，关税推迟30天
  ok 40088 -> 155  [v]  特朗普2.0新政策
  ok 40089 -> 156  [p]  愛德華三十年慶巡禮
  ok 40090 -> 157  [pp]  愛德華三十年慶巡禮《媽媽，我想對你說》
  ok 40091 -> 158  [i]  保富銀行捐款慈濟美國
  ok 40092 -> 159  [v]  美国要求冻结援助联合国资金
  ok 40093 -> 160  [v]  美国邮政重新接收中国包裹
  ok 40094 -> 161  [v]  加拿大溫哥華華埠舉行春節慶會 迎乙巳蛇年新春 上
  ok 40095 -> 162  [v]  加拿大溫哥華華埠舉行春節慶會 迎乙巳蛇年新春 下
  ok 40096 -> 163  [v]  在迪士尼过个中国年
  ok 40097 -> 164  [iiiipiiiipiip]  第八届“老家在中国”世界华人春晚在洛杉矶隆重举行
  ok 40098 -> 165  [ppppippiiipiiiipiiiiipiiippppppppppv]  悠游 | 在Disney过大年！
  ok 40099 -> 166  [v]  宴客快手菜！颜值爆表的鱼香茄子原来这么简单
  ok 40100 -> 167  [p]  愛德華三十年慶巡禮《爸爸，我想對您說》
  ok 40101 -> 168  [p]  愛德華三十年慶巡禮《兄妹情深》
  ok 40102 -> 169  [iiiiiipi]  《现代性的视觉语言》展览隆重开幕  多元艺术呈现与全球文化对话
  ok 40103 -> 170  [iiiiipp]  王彦智参展“Visual Language of Modernity”  以影像诗歌探讨女性命运
  ok 40104 -> 171  [v]  紐森正式向特朗普宣戰
  ok 40105 -> 172  [v]  美财长将前往乌克兰讨论援助
  ok 40106 -> 173  [pi]  迪士尼《美女與野獸》重返舞台
  ok 40107 -> 174  [ippipppippppipppppipppppipppppippppppppppppv]  悠游 | 我们一起去看星星吧！
  ok 40108 -> 175  [v]  特朗普与普京通话
  ok 40109 -> 176  [v]  23岁中国留学生遭凶杀
  skip 40110: category not mapped: 地产精英汇
  skip 40111: category not mapped: 地产精英汇
  ok 40112 -> 177  [ipiiipiipi]  动画中的爱与碰撞——张子佩参展“Visual Language of Modernity”
  ok 40113 -> 178  [p]  报告显示，未被发现的牛与人禽流感传播很可能正在发生
  ok 40114 -> 179  [p]  流感发病率高，而COVID发病率相对较低
  ok 40115 -> 180  [pp]  愛德華三十年慶巡禮《上海的哥哥LA的妹妹》
  ok 40116 -> 181  [piii]  長榮航空領航升級 推出第四代豪華經濟艙座椅
  ok 40117 -> 182  [v]  快手家常菜！简单美味的回锅肉做法
  ok 40118 -> 183  [iipppipppi]  第四届东谷元宵节暨 California Culture Festival「金蛇狂舞迎新春」活动圆满落幕
  ok 40119 -> 184  [ipipiipippppipippi]  视觉艺术家刘赫 - 用手绘艺术致敬现代性表达
  ok 40120 -> 185  [i]  「大莊家賭場度假村」4.5英畝豪華水上樂園將於2月24日春季重開
  ok 40121 -> 186  [v]  五角大楼拟削减国防预算
  ok 40123 -> 187  [v]  特朗普：期待习近平访美
  ok 40124 -> 188  [ppipipipippiipipipippppv]  悠游 | 海派非遗自有新意
  ok 40125 -> 189  [v]  DOGE提升了效率？還是民怨？
  ok 40126 -> 190  [i]  回收有回報：San Gabriel機油濾油器回收活動！
  ok 40127 -> 191  [vv]  特朗普： 泽连斯基在谈判中不重要
  ok 40128 -> 192  [iiipppppppppp]  美国洛杉矶华文作家协会举办文学讲座 陈公仲教授开讲
  ok 40129 -> 193  [pv]  全球动画影片榜首 哪吒2魔童闹海
  ok 40130 -> 194  [v]  俄乌冲突三周年
  ok 40131 -> 195  [i]  慈濟美國圓滿第一階段洛杉磯山火賑災行動
  ok 40132 -> 196  [pp]  愛德華三十年慶巡禮《孩子真的長高了》
  ok 40133 -> 197  [v]  特朗普上任一个月政策大解读
  ok 40134 -> 198  [v]  马斯克将出席白宫内阁会议
  ok 40135 -> 199  [v]  马斯克：美国政府恐破产
  ok 40136 -> 200  [i]  「大莊家賭場度假村」豪華巡禮送大屋!
  ok 40137 -> 201  [ppipippipppipppppipppppipipppppipppipppppppppv]  悠游 | 可爱中透着孤独与破碎
  ok 40138 -> 202  [pv]  公民之争：特朗普的行政命令与美国宪法
  ok 40139 -> 203  [ipppppppppppppppippppppppp]  华人建筑师张雅卓团队携手美国老牌龙头企业 打造“京西大悦城”
  ok 40140 -> 204  [pipippippipppippppppippppppippppppippp]  十万美国观众投票公选  “秀中国”优秀短片作品网投获奖结果发布
  ok 40141 -> 205  [pppp]  CDC：接种疫苗的儿童患长期COVID的风险降低57%-73%
  ok 40142 -> 206  [iiiiiii]  美国华人妇女联合会庆祝女神节  畅游太平洋西海岸
  ok 40143 -> 207  [v]  特朗普：坚决征收关税
  ok 40144 -> 208  [v]  飞行信任危机：我们的天空还安全吗
  ok 40145 -> 209  [pipippppppip]  华裔学生机器人赛队再战VEX IQ加州州赛  郭光恒带领团队蝉联冠军
  ok 40146 -> 210  [ppipppippppp]  現代IONIQ 6榮獲J.D. Power 2025年美國電車擁有體驗調查榜首
  ok 40147 -> 211  [ipipp]  慧東法師智慧講座 傳授禪定智慧APP
  ok 40148 -> 212  [v]  大人孩子都爱的芝士云吞Cheese Wonton在家做
  skip 40149: category not mapped: 留学攻略
  skip 40150: produced zero blocks
  ok 40151 -> 213  [iiippippipipi]  中国投资人亮相第97届奥斯卡红毯  绽放时尚「她」力量
  ok 40152 -> 214  [v]  泽连斯基：白宫会晤令人失望
  ok 40153 -> 215  [ppppippppppppppppppppppppppppp]  洛杉磯縣受加州野火影響的災難失業援助（DUA）申請將於2025年3月10日截止。
  ok 40154 -> 216  [pippppppipppppp]  NAPCA專欄 #15
  ok 40155 -> 217  [ppipippippppiiipppppiiiippiiiippppipiiiipppppppppppppv]  悠游 | 时光易逝 机械永存
  ok 40156 -> 218  [v]  特朗普拟改用关税填补政府财源
  ok 40157 -> 219  [v]  美加贸易战升级
  ok 40158 -> 220  [v]  旧金山示威怒批特朗普和马斯克
  ok 40159 -> 221  [v]  政府精简或失控？美國聯邦裁员计划引争议
  ok 40161 -> 222  [pippippipppp]  慈濟美國總會與內陸華人聯誼會 採橙義賣活動圓滿成功
  ok 40162 -> 223  [ii]  健康提醒：遵循科学服用褐藻糖胶时间效果佳
  ok 40163 -> 224  [v]  特朗普威胁制裁俄罗斯
    skip image, not archived: https://lh7-rt.googleusercontent.com/docsz/AD_4nXevmTodvSSks4eJ7ruMCoWwMnOwOZqh3-k1snWCAqVgCDdVnuNFA5vHRJZAILhZTLppb9pDQQMu55PXz1wBgZRB0Aum96lsewTwU2sta-wUAvEz28l9cpVdNhQEq2fvlDDm3HhT4A?key=y4w9uqqz-GwhSz6PhCeeJnOc
  ok 40164 -> 225  [pppppppppppppppppppppppppppppppppppppppppppp]  超过30位加州市长支持现任加州财政部长马世云竞选加州副州长  马世云 Fiona Ma 竞选势头持续增长
  ok 40165 -> 226  [v]  特朗普國會演說強勢回歸
  ok 40166 -> 227  [v]  美股持续下跌
  ok 40167 -> 228  [v]  乌克兰接受美停火协议
  ok 40168 -> 229  [pippppipppppppipppipp]  洛杉磯火災倖存者申請災難失業援助（DUA）截止日期已延長
  ok 40169 -> 230  [pv]  群星闪耀 第97届奥斯卡精彩回顾
  skip 40170: category not mapped: 房屋市场
  skip 40171: category not mapped: 房屋市场
  ok 40172 -> 231  [v]  美教育部大裁员
  ok 40173 -> 232  [pipippipppippp]  現代汽車榮獲五項IIHS最佳安全首選+殊榮
  skip 40174: category not mapped: 留学攻略
  ok 40175 -> 233  [v]  美众议院拟禁止中国人获学生签证
  ok 40176 -> 234  [ppippippiipipppippppppv]  悠游 | 在美国最大跳蚤市场淘宝
  ok 40177 -> 235  [v]  特朗普金卡  500萬移民是機遇還是特權遊戲？
  ok 40178 -> 236  [ipppppp]  COVID-19，5年又5年…
  ok 40179 -> 237  [v]  美国际媒体署大幅削减
  ok 40180 -> 238  [pppppi]  猿编程的全球对话：李翊常春藤高校分享AI教育未来
  ok 40181 -> 239  [v]  特朗普經濟學是在拯救美國，還是添亂？
  ok 40182 -> 240  [pipipipipii]  六人得分上雙 湖人背靠背大勝馬刺
  ok 40183 -> 241  [v]  酸甜开胃！简单几步做出餐厅级菠萝炒饭
  ok 40184 -> 242  [ipi]  倫納德平賽季新高祖巴茨爆砍雙二十 快船掀翻騎士
  ok 40185 -> 243  [v]  元气满满！参香红枣燕麦粥 一碗唤醒春日活力！
  ok 40186 -> 244  [v]  五角大楼计划裁6万文职
  ok 40187 -> 245  [v]  司法部长： 对特斯拉攻击为恐怖主义
  ok 40188 -> 246  [v]  極地暗戰 格陵蘭的抉擇與特朗普的野心
  ok 40189 -> 247  [ipppiv]  悠游 | 黑土地生死录
  ok 40190 -> 248  [ippppp]  COVID疫情5年后，我们准备好迎接下一次大流行了吗？
  ok 40191 -> 249  [v]  美媒： 特斯拉或为政治暴力目标
    skip video, not archived: http://app.ifengus.com/2025/Mar/USNEWS/0325XW/0.mp4
  skip 40192: produced zero blocks
  ok 40193 -> 250  [pipp]  國泰銀行2025年獎學金報名仍在進行中
  ok 40194 -> 251  [ppippppp]  洛杉磯火災倖存者DUA申請新截止日期為2025年6月10日
  ok 40195 -> 252  [pv]  蹭"复联"热度 | 电幻国度
  ok 40196 -> 253  [ppippppv]  悠游 | 今天也要好好吃饭！
  ok 40197 -> 254  [pipipippippippippipp]  好莱坞华人音乐工程师朱旭——在世界音乐中心闯出一片天
  ok 40198 -> 255  [iipippp]  大統華美國再添新店，選址舊金山
  ok 40199 -> 256  [v]  美副总统及夫人抵达格陵兰岛
  ok 40200 -> 257  [v]  乘龍歸來 NASA宇航員重返地球
  ok 40201 -> 258  [ppppppppppppppppppppppipppppppip]  現代汽車車主可藉由免費NACS轉接器使用美國特斯拉超級充電站
  ok 40202 -> 259  [ippp]  「天河大賭場」四月份呈獻令人興奮的春日獎賞
  ok 40203 -> 260  [ipipipipipipipipipi]  「中国文化何去何从」暨卢新华新书《WULOU》签售会洛杉矶举行
  ok 40204 -> 261  [v]  加拿大新移民部長上任 小鎮移民項目前景與優勢 上
  ok 40205 -> 262  [v]  加拿大新移民部長上任 小鎮移民項目前景與優勢 下
  ok 40206 -> 263  [v]  特朗普关税新政本周登场
  ok 40207 -> 264  [ippppip]  國泰銀行宣佈舉辦第 48 屆年度慈善高爾夫球賽
  ok 40208 -> 265  [v]  欧盟回击特朗普关税
  ok 40209 -> 266  [v]  炖蛋新吃法！蛋+姜+蜂蜜 丝滑又暖胃！
  ok 40210 -> 267  [v]  TikTok期限将至
  ok 40211 -> 268  [v]  特朗普关税政策影响加州车市、民生
  ok 40212 -> 269  [pipppipiiippppippipipipppppiippppppppppppv]  悠游 | 春季悠游指南之博物馆
    skip video, not archived: http://app.ifengus.com/2025/Mar/FCMZ/0401.mp4
  skip 40213: produced zero blocks
  ok 40214 -> 270  [v]  鲜掉眉毛的家庭版【酸辣海鲜汤】秘诀就在这！
  ok 40215 -> 271  [i]  BLACKPINK、BTS 與IU最愛的農心零食！香蕉脆 & 農心蝦條
  ok 40216 -> 272  [v]  特朗普威胁对中国征收额外50%关税
  ok 40217 -> 273  [pp]  亞太裔領袖基金會公布2025領袖與候選人訓練營學員名單
  ok 40218 -> 274  [i]  世界級「LPGA」球星4月8日蒞臨「大莊家Journey球場」 參加「大莊家ProAm高爾夫邀請賽」
  ok 40219 -> 275  [v]  白宫证实对中国104%关税9日生效
  ok 40220 -> 276  [v]  特朗普对华关税加码
  ok 40221 -> 277  [pipppppipppip]  NAPCA Column #16
  ok 40222 -> 278  [v]  全球關稅風暴 是誰讓特朗普瘋狂？
  ok 40223 -> 279  [i]  華埠服務中心阿罕布拉市舉辦免費健康博覽會 吸引近200民眾參與
  ok 40224 -> 280  [v]  记者质疑关税 白宫称很乐观
  ok 40225 -> 281  [v]  白宫经济顾问： 今年绝对不衰退
  ok 40226 -> 282  [v]  美國風暴三部曲：關稅、驅逐、與司法挑戰
  ok 40227 -> 283  [v]  美对半导体和药品启动国安调查
  ok 40228 -> 284  [ippipppippppppiipppppppippppippppppppppppp]  悠游 | 春寒料峭花照开
  ok 40229 -> 285  [v]  加州起诉 特朗普政府关税政策
  skip 40230: category not mapped: 留学攻略
  ok 40231 -> 286  [iiip]  2025鹰飞龙腾中华文化之夜暨上海之夜5月2日洛城登场
  ok 40232 -> 287  [iiipipiii]  北美华商联合会举办首次春游活动 庆祝商会成立
  ok 40233 -> 288  [v]  多元素另类惊悚片 | 罪人 Sinners
  ok 40234 -> 289  [v]  特朗普猛烈抨击鲍威尔
  ok 40235 -> 290  [v]  瘋狂關稅為誰而戰 誰在為此買單？
  ok 40236 -> 291  [v]  一口酥香暖全身！三步搞定养生甜品姜糖金三角
  ok 40237 -> 292  [pv]  探索犹太人文化中心（上）
  ok 40239 -> 293  [i]  著名國畫家周平珖
  ok 40240 -> 294  [i]  美國樓英健康科技集團在聖迪馬斯盛大開業
  ok 40241 -> 295  [ppipipipi]  農心攜手曼哈頓熱門韓餐廳推出「Seoul in the City」活動
  ok 40242 -> 296  [ii]  慈濟國際長曾慈慧獲趙美心頒發「年度國會女性獎」
  ok 40243 -> 297  [ip]  「大莊家賭場度假村」五月份隆重呈獻《楊丞琳Like a Star世界巡迴演唱會》
  ok 40244 -> 298  [pp]  KIA與海洋清理組織合作三年，榮獲《新聞週刊》年度永續發展顛覆者稱號
  ok 40245 -> 299  [v]  白宫顾问： 考虑解雇鲍威尔
  ok 40246 -> 300  [pipppippp]  美國著名保健品牌百傲藥業宣布正式全面進軍中國市場
  ok 40247 -> 301  [ippppppp]  超过190个国家签署了一项具有里程碑意义的全球大流行病条约
  ok 40248 -> 302  [v]  哈佛不跪，特朗普想掌控校园
  ok 40249 -> 303  [v]  美国防部长 再陷“群聊门”风波
  ok 40250 -> 304  [ipipppppppppp]  華美銀行公布 2025 年第一季度財報
  ok 40251 -> 305  [v]  白宫：与中国进展顺利 为贸易战降温
  ok 40252 -> 306  [pippppppippip]  美国洛杉矶华文作家协会文学创作座谈会 赵稀方教授谈「华语与外语写作」
  ok 40253 -> 307  [ippippippppppp]  麦当劳推出全新麦脆条和奶油辣椒蘸酱
  ok 40254 -> 308  [v]  特朗普政府 考虑大幅下调对华关税
  ok 40255 -> 309  [ippppppipppippp]  大統華將於2026年冬季進駐南加州Irvine市
  ok 40256 -> 310  [ppippippppipippipppipppipipppippipppippppppppppppv]  悠游 | 你今天提问了吗？
  ok 40257 -> 311  [v]  哈佛怒訴政府 學術自由對戰政府干預
  ok 40258 -> 312  [pippip]  HoloX透明双面显示技术亮相ISA2025  引领数字显示创新
  ok 40259 -> 313  [ppippppppp]  KIA EV6、EV9 和 NIRO 車主可使用超過 21,500 個特斯拉超級充電位
  ok 40260 -> 314  [ppppp]  美国超过半数州报告麻疹病例 或可新增数百万病例
  ok 40261 -> 315  [v]  一口爆汁！3步轻松复刻街头小吃咖喱鱼蛋
  ok 40262 -> 316  [i]  陈进舞蹈学校青少年舞者将携获奖作品与徐霞于5月11日晚7点在San Gabriel Mission Playhouse献演
  ok 40263 -> 317  [v]  美财长要求中方 先缓解关税战
  ok 40264 -> 318  [ipipipipipiipipipipi]  “聆听来自星星的声音” ——第十五届联合国世界自闭症关注日慈善音乐会圆满落幕
  ok 40265 -> 319  [ipppp]  回收有回報：Walnut機油濾油器回收活動！
  ok 40266 -> 320  [v]  讓特朗普不能省心的部長
  ok 40267 -> 321  [v]  美财长： 特朗普已缓解通胀
  ok 40268 -> 322  [v]  “在藝術中成長，在堅守中綻放“華裔舞蹈家的跨文化傳承之路 上
  ok 40269 -> 323  [v]  “在藝術中成長，在堅守中綻放“華裔舞蹈家的跨文化傳承之路 下
  ok 40270 -> 324  [iipppi]  長榮航空推出全球企業差旅回饋計畫
  ok 40271 -> 325  [v]  浑浊不清的敌我关系 | 夜党线人
  ok 40272 -> 326  [iipipipipipipipipp]  摄影艺术家周书苑入选APG年度展   敏锐视角与深刻叙事展现当代摄影力量
  ok 40273 -> 327  [v]  乌克兰与美 签署矿产协议
  ok 40274 -> 328  [v]  马斯克计划离职
  ok 40275 -> 329  [v]  教宗方濟各辭世 秘密會議即將啟動
  ok 40276 -> 330  [ippipp]  長榮航空贊助天使隊「台灣日」 推廣台灣文化
  ok 40277 -> 331  [ipppp]  南加州河濱縣夫婦於「大莊家賭場度假村」獲$4,178,889.94大獎
  ok 40278 -> 332  [pppppppp]  州上訴法院暫停道奇球場空中纜車計畫，環評需重做。
  ok 40279 -> 333  [v]  特朗普 拟对外国电影征税100%
  ok 40280 -> 334  [ipippipippippipipiipppippppp]  文化为桥、连接中美情谊- 2025鹰飞龙腾海派文化美国行「上海之夜」闪耀洛杉矶
  ok 40281 -> 335  [pp]  加州消防基金會獲 PG&E 500 萬美元捐款，支持消防員紀念碑擴建
  ok 40282 -> 336  [iv]  悠游 | 我又发现了一个不收钱的好地方
  ok 40283 -> 337  [ippppppppppp]  北美現代汽車與洛杉磯圖書館共慶亞太裔傳承月
  ok 40284 -> 338  [v]  美加首脑白宫交锋
  ok 40285 -> 339  [v]  美联储警告 滞胀可能再现
  ok 40286 -> 340  [v]  巴菲特怒批「貿易當武器」！特朗普經濟牌打的是全民風險
  ok 40287 -> 341  [v]  百日風雲 特朗普執政百天 重塑美國內政
  ok 40288 -> 342  [i]  「天河大賭場」五月推廣及母親節餐飲優惠
  ok 40289 -> 343  [v]  特朗普释积极信号 将下调对华关税
  ok 40290 -> 344  [pipppippppip]  慈濟美國總會佛誕節浴佛典禮圓滿完成
  ok 40291 -> 345  [v]  特朗普对贸易代表团 信心十足
  ok 40292 -> 346  [ppppp]  美国麻疹病例突破1000例
  ok 40293 -> 347  [v]  不是特朗普說了算 美中停火背後財長貝森特悄悄上位
  ok 40294 -> 348  [v]  特朗普: 中美关系全面重启
  ok 40295 -> 349  [pippipippppppippippippip]  Super Nationals全美國際象棋巔峰對決 加州KLC棋手載譽歸來
  ok 40296 -> 350  [v]  特朗普促美沙经贸协议
  ok 40297 -> 351  [ippppppppppppp]  長榮Wi-Fi升級 7月推免費上網
  ok 40298 -> 352  [iv]  悠游 | 你听过布伦特伍德区吗？
  ok 40299 -> 353  [i]  AI时代如何智慧养生之养肝
  ok 40300 -> 354  [ipppppippppppppppi]  宮崎義之教授IMMUNOLOGY 2025發表褐藻糖膠與病毒性感冒研究報告
  ok 40301 -> 355  [v]  特朗普百日外交 重塑国际布局 中美关税破冰
  ok 40302 -> 356  [v]  众议院法案削减医疗
  ok 40303 -> 357  [pipipipip]  牛仔靴準備好了嗎？2025年克林頓五月牛仔競技週末與穀倉舞會熱情來襲！
  ok 40304 -> 358  [ippppppppppppppp]  马世云: 加州副州长竞选中压倒性领先 亚太裔再创历史新高峰
  ok 40305 -> 359  [pipipipp]  “文武双擎、笔剑同辉”陈纳德与鲁迅的抗战精神
  ok 40306 -> 360  [pipipippip]  中美友谊雕 “飞虎队，中美情”
  skip 40307: category not mapped: 中西医
  skip 40308: category not mapped: 中西医
  skip 40309: category not mapped: 中西医
  skip 40310: category not mapped: 中西医
  ok 40311 -> 361  [v]  卡尼特朗普首次交鋒，加美邁向新時代？上
  ok 40312 -> 362  [pipipippppppppippppppppppppppppppppppppppppp]  第十六届鲁迅青少年文学奖（美国社区）举办新闻发布会
  ok 40313 -> 363  [v]  卡尼特朗普首次交鋒，加美邁向新時代？下
  ok 40314 -> 364  [v]  特朗普： 俄乌立即启动停火谈判
  ok 40315 -> 365  [ippppppp]  華埠服務中心獲加州眾議員 Mark Gonzalez 頒發「2025 年度加州非營利組織」認證
  ok 40316 -> 366  [pv]  近三十年不可能的任务 | 碟中谍最终清算
  ok 40317 -> 367  [v]  特朗普宣布 投250亿启动金穹
  ok 40318 -> 368  [v]  英就人道主义危机 对以色列施压
  ok 40319 -> 369  [pipppppp]  2025年美华文艺暨春季讲座 台湾儿童绘本作家郝广在线开讲
  ok 40320 -> 370  [v]  俄烏戰爭 和平協議背後的美國算盤
  ok 40321 -> 371  [iv]  悠游 | 原来是他创造了漫威宇宙
  ok 40322 -> 372  [pipipipipippppipppipipipipipipi]  美国云南总商会一周年庆典暨加州绿色农业发展论坛旧金山举行
  ok 40324 -> 373  [v]  特朗普稅改引爆國會分裂
  ok 40325 -> 374  [ppppp]  世卫组织大流行病协议已成定局
  ok 40327 -> 375  [v]  「大而美法案」險勝眾院，參議院再迎內戰
  ok 40328 -> 376  [pippppippppppp]  洛杉矶独立出版艺术节2025：在布洛德博物馆的纸页间，触摸自由的温度
  ok 40329 -> 377  [ppipippp]  雕龙诗社《洛水赋春声》诵读 声情并茂 别具特色
  ok 40330 -> 378  [ippppppp]  特曼庫拉居民喜中百萬美金「DRAGON LINK™」頭彩 —「大莊家賭場度假村」三個月內已連續三次開出百萬+級別巨額彩金 —
  ok 40331 -> 379  [v]  特朗普中東行 千億合約沙漠淘金
  ok 40333 -> 380  [pipippipipipi]  传扬民族音乐文化 南加中国国乐团庆成立十周年
  ok 40334 -> 381  [ippppppp]  長榮航空10月3日起直飛美國達拉斯  唯一亞洲區航空公司營運德州雙航點 每週90班直飛北美9大航點  航網佈局更綿密
  ok 40335 -> 382  [ippppppppppppppppppppppppppppppippppppp]  當人們年滿65歲時，許多人的健康醫療保險範圍會發生變化。有些人可能會因發現Medicaid（白卡）保障終止而感到不安或沮喪。在本期專欄中，我們將解釋這種情況發生的原因以及可能還有哪些選擇
  ok 40336 -> 383  [ipppipppppppppppppp]  國泰銀行第48屆年度慈善高爾夫球錦標賽為當地非營利組織籌集善款超21萬美元
  ok 40337 -> 384  [v]  金木集團- 中醫藥大健康產業走進加拿大 上
  ok 40338 -> 385  [v]  金木集團- 中醫藥大健康產業走進加拿大 下
  ok 40339 -> 386  [v]  白宫发言人：中美元首可能本周通话
  ok 40340 -> 387  [v]  白宫证实 中美元首本周通话
  ok 40341 -> 388  [v]  特朗普税收支出法案 引爆美国赤字危机
  ok 40342 -> 389  [v]  法院裁定川普關稅違法 上訴法院火速暫緩執行
  ok 40343 -> 390  [v]  哈佛再戰特朗普 留美學子危機重重？
  ok 40344 -> 391  [iv]  悠游 | 若是太阳还没来
  ok 40345 -> 392  [ippppppppppp]  幸運硬幣兆吉祥，單親母親贏新房 在家人的溫暖簇擁下，來自長灘的單親媽媽贏得了由「大莊家」慷慨送出的特曼庫拉全新大屋
  ok 40346 -> 393  [pppppppppppp]  「天河大賭場」為夏季來臨迎來精選推廣活動  爲夏季來臨揭開序幕
  ok 40347 -> 394  [v]  中美元首通话 聚焦贸易
  ok 40348 -> 395  [v]  特朗普和马斯克翻脸
  ok 40349 -> 396  [ppv]  以球会友！美丽华夏行首站中美青少年高尔夫交流赛
  ok 40350 -> 397  [v]  特朗普支持逮捕加州州长
  ok 40351 -> 398  [i]  IVYMAX教育與富蘭克林學院「教育與未來」活動盛典
  ok 40352 -> 399  [i]  長榮航空與波蘭航空共用班號合作深化歐洲航網
  ok 40353 -> 400  [v]  特朗普是政治家？運動家？自戀狂？
  ok 40354 -> 401  [v]  美军预计 留驻洛杉矶60天
  ok 40355 -> 402  [iii]  大統華美國版圖新里程，加州最大分店選址 Chino Hills
  ok 40356 -> 403  [piv]  闲逛Venice下
  ok 40357 -> 404  [ppv]  大美武汉 丹青传情——美丽华夏行首站武汉
  ok 40358 -> 405  [v]  ICE突袭执法 洛杉矶引爆抗议示威潮
  ok 40359 -> 406  [vv]  洛杉矶市中心进入宵禁状态
  ok 40360 -> 407  [v]  特朗普力挺以色列袭击
  ok 40361 -> 408  [i]  曹秀美將於 7 月 13 日在 Palms Casino Resort 的 Pearl Theater 獻唱 "Mad For Love" 音樂會
  ok 40362 -> 409  [v]  專訪2024年施坦威青年學者 上
  ok 40363 -> 410  [v]  專訪2024年施坦威青年學者 下
  ok 40364 -> 411  [ip]  DREAME 美國旗艦店隆重開業，引爆矽谷智慧清潔科技圈
  ok 40365 -> 412  [v]  特朗普出席G7
  ok 40366 -> 413  [pipippippipppppppppppppppppppppip]  「千古红楼梦，天涯喜相逢」讲座成功举行 作家周游开讲
  ok 40367 -> 414  [v]  特朗普向伊朗 发出最后通牒
  ok 40368 -> 415  [ppv]  桥·梁——用镜头讲述武汉故事
  ok 40369 -> 416  [iv]  悠游 | 见山见水见自己
  ok 40370 -> 417  [v]  中美倫敦貿易談判 資源與科技對決
  ok 40371 -> 418  [v]  必学！夏日养生甜品｜花旗参奶香绿豆沙
  ok 40372 -> 419  [pv]  女杀神降临 芭蕾杀姬
  ok 40373 -> 420  [v]  洛杉矶抗议 已致近两千万开支
  ok 40374 -> 421  [p]  CDC预测新型 COVID 变异株 NB.1.8.1 可能占美国病例总数的三分之一以上
  ok 40375 -> 422  [ppv]  美国少年走访湖北民族大学——用镜头讲述恩施故事
  ok 40376 -> 423  [ppv]  Let’s dance——美国青少年学跳摆手舞
  ok 40377 -> 424  [v]  特朗普称 伊朗袭击非常软弱
  ok 40378 -> 425  [v]  特朗普的MAGA运动能被复制吗？
  ok 40379 -> 426  [i]  Yaamava’ 度假村與瑞士品牌 Valmont 攜手，升級 Serrano Spa 護膚體驗
  ok 40380 -> 427  [ii]  回收有回報：Alhambra機油濾油器回收活動！
  ok 40381 -> 428  [i]  長榮攜老乾杯、星巴克推夏季獨家機上餐
  ok 40382 -> 429  [ppv]  领略茶文化——美国人眼中的恩施
  ok 40383 -> 430  [iv]  悠游 | 你听过烛光音乐会吗？
  ok 40384 -> 431  [ip]  長榮航空連續10年榮獲SKYTRAX五星級航空公司肯定
  ok 40386 -> 432  [v]  特朗普坚称 伊核设施被完全摧毁
  ok 40387 -> 433  [v]  白宫否认伊朗转移核材料
  ok 40388 -> 434  [i]  慶賀長榮航空桃園-休士頓航線開航十週年
  ok 40389 -> 435  [v]  撕裂的同盟 馬斯克特朗普“情變”始末
  ok 40390 -> 436  [v]  邂逅西兰卡普
  ok 40391 -> 437  [pv]  美国少年镜头里的恩施
  ok 40392 -> 438  [v]  特朗普再宣布与中国签贸易协议
  ok 40393 -> 439  [v]  通往茱莉亞的道路 上
  ok 40394 -> 440  [v]  通往茱莉亞的道路 下
  ok 40395 -> 441  [v]  加拿大撤回数字税
  ok 40396 -> 442  [i]  現代IONIQ 9亞裔廣告展現高級三排電動休旅體驗
  ok 40397 -> 443  [ippppppppppppppppppppppppppp]  華埠服務中心醫模教育中心線上投票，贏百元禮券！
  ok 40398 -> 444  [pv]  探访汉川一中
  ok 40399 -> 445  [i]  「天河大賭場」七月推出精彩活動
  ok 40400 -> 446  [v]  特朗普威胁驱逐马斯克
  ok 40401 -> 447  [v]  美众议院推进大而美法案
  ok 40402 -> 448  [iv]  悠游 | 谁言土偶不无情
  ok 40403 -> 449  [v]  獨立日回顧 特朗普重塑美國內政外交
  ok 40404 -> 450  [ppv]  相约云梦  体验扎染
  ok 40405 -> 451  [v]  开胃菜天花板！[姜糖版凉拌山药] 秒杀高级餐厅
  ok 40406 -> 452  [ppv]  感受云梦最酷民俗风
  ok 40407 -> 453  [ipippppppppppppppppppppipppppp]  Studio Yuetopia海洋三重奏惊艳ICFF 前卫设计引爆现场焦点
  ok 40408 -> 454  [v]  得州水灾致88死
  ok 40409 -> 455  [i]  農心浪潮將於7月12日席捲LA Galaxy主場！
  ok 40410 -> 456  [v]  特朗普将对进口铜征税
  ok 40411 -> 457  [v]  馬斯克賭氣創黨？
  ok 40412 -> 458  [v]  薰衣草莊園-上
  ok 40413 -> 459  [v]  薰衣草莊園-下
  ok 40414 -> 460  [i]  麥當勞點心捲回歸啦！
  ok 40415 -> 461  [i]  店家怨治安差、街友多！洛縣推LA-HOP通報平台
  ok 40416 -> 462  [v]  美关税函再袭七国
  ok 40417 -> 463  [ppv]  孝感  湖北行完美收官
  ok 40418 -> 464  [v]  美俄外长会晤
  ok 40419 -> 465  [v]  特朗普“大而美法案”落地 誰的命運將被改寫？
  ok 40420 -> 466  [pv]  “又见兵马俑”下
  ok 40421 -> 467  [pv]  “又见兵马俑”下
  ok 40422 -> 468  [i]  銀髮夏令營爆滿！華興保險邀長者歡樂一夏
  ok 40423 -> 469  [v]  特朗普透露援乌新模式
  ok 40424 -> 470  [pppppppppppppp]  美国麻疹病例数创30多年来新高
  ok 40425 -> 471  [v]  特朗普对俄下最后通牒
  ok 40426 -> 472  [p]  KIA美國捐10萬美元予紅十字會，助德州洪災民
  ok 40427 -> 473  [i]  提防假冒醫療申請與理賠詐騙
  ok 40428 -> 474  [v]  贝森特：中美谈判顺利
  ok 40429 -> 475  [pipppppppppppppppppp]  加州州务卿 Shirley Weber 正式背书支持马世云竞选加州副州长  亚太裔女性再启历史新页
  ok 40430 -> 476  [v]  USCBC：中美经贸更紧绷
  ok 40431 -> 477  [v]  白宫警告购买俄油国家
  ok 40432 -> 478  [iv]  悠游｜芝加哥初印象
  ok 40433 -> 479  [ppppppppppppppppppppppppppppppppppppppppppppppppppppppppppppppppppppppppppppppppppppppi]  税改2.0来袭！家庭财富迎新机？
  ok 40434 -> 480  [i]  蕭煌奇出道20週年演唱會
  ok 40435 -> 481  [v]  夏日轻甜新宠 | 抹茶拿铁布丁在家轻松做！
  ok 40436 -> 482  [v]  贝森特：下一轮中美谈判石油问题
  ok 40437 -> 483  [ip]  CUCKOO 推出Steam 100 Barista咖啡净水器
  ok 40438 -> 484  [v]  特朗普政府如何搞砸了愛潑斯坦檔案風暴
  ok 40439 -> 485  [ipippp]  華美銀行公佈 Q2 財報：收入與凈利息收入創新高
  ok 40440 -> 486  [i]  長榮航空攜手台塑石化簽署永續航空燃油合作備忘錄
  ok 40441 -> 487  [v]  美丽华夏行-我眼中的湖北（一）
  ok 40442 -> 488  [v]  美丽华夏行-我眼中的湖北（二）
  ok 40443 -> 489  [v]  國境之牆 “大而美”背後的美國移民之路
  ok 40444 -> 490  [v]  美丽华夏行-我眼中的湖北（三）
  ok 40445 -> 491  [v]  美丽华夏行-我眼中的湖北（四）
  ok 40446 -> 492  [pv]  童年经典全新演绎 蓝精灵Smurfs
  ok 40447 -> 493  [i]  大莊家 隆重送百萬現金・EASYPLAY豪禮
  ok 40448 -> 494  [v]  解密《天才法案》開啟數字美元時代
  ok 40449 -> 495  [iv]  悠游 | 在行走中认识芝加哥
  ok 40450 -> 496  [ppppp]  寻找长期COVID药物的复杂探索
  ok 40452 -> 497  [ppppp]  新型 COVID 变异株 NB.1.8.1“Nimbus”现已在美国占据主导地位
  ok 40453 -> 498  [v]  特朗普拟设全球统一关税标准
  ok 40454 -> 499  [v]  特朗普考慮取消房屋資本利得稅
  ok 40455 -> 500  [v]  美丽华夏行-我眼中的湖北（五）
  ok 40456 -> 501  [v]  美丽华夏行-我眼中的湖北（六）
  ok 40457 -> 502  [v]  美关税收入飙升 议员拟返现法案
  ok 40458 -> 503  [pipppppppppppp]  「KIA CONNECTED HOME」進駐KIA FORUM，展現未來科技
  ok 40459 -> 504  [v]  美丽华夏行-我眼中的湖北（七）
  ok 40460 -> 505  [v]  美丽华夏行-我眼中的湖北（八）
  ok 40461 -> 506  [i]  國泰銀行慶祝三藩市新分行盛大開幕
  ok 40462 -> 507  [v]  特朗普：中美贸易谈判进展顺利
  ok 40463 -> 508  [v]  虛擬貨幣走入現實生活-上
  ok 40464 -> 509  [v]  虛擬貨幣走入現實生活 下
  ok 40465 -> 510  [iv]  悠游 | 美国400年的文豪都在这里
  ok 40466 -> 511  [v]  美国务卿： 中美需直面矛盾
  ok 40467 -> 512  [v]  曼哈頓的槍聲 美國槍支管控的困局
  ok 40468 -> 513  [i]  「天河大賭場」3週年慶，30萬現金三重送！
  ok 40469 -> 514  [v]  加州反特朗普集会每周登场
  ok 40470 -> 515  [v]  美国女星牛仔广告成政治焦点
  ok 40471 -> 516  [ippiip]  長榮10/21開航桃園-釜山，現已開賣
  ok 40472 -> 517  [v]  美丽华夏行-我眼中的湖北（九）
  ok 40473 -> 518  [v]  美丽华夏行-我眼中的湖北（十）
  ok 40474 -> 519  [i]  體驗麥當勞樂園，享受套餐與奶昔魔法
  ok 40475 -> 520  [v]  漫談AI時代教育理念-上
  ok 40476 -> 521  [v]  漫談AI時代教育理念-下
  ok 40477 -> 522  [v]  2028洛杉矶奥运成立专责小组
  ok 40478 -> 523  [ippppppppppppppppppppppppppppp]  饒影凡宣佈參選2026年加州財務長
  ok 40479 -> 524  [ipippipppppppppppippppppppippppppp]  著名导演陈应岐获美国洛杉矶华文作家协会邀请 畅谈「文学与影视」
  ok 40480 -> 525  [v]  美对印关税升至50%
  ok 40481 -> 526  [v]  传统甜品新吃法！花旗参版杨枝甘露清爽又养生
  ok 40482 -> 527  [iv]  悠游 |《三体》或许就是真实历史
  ok 40483 -> 528  [ipipiiipiipppppppippppppipi]  “云企出海——中国·云南特色商品暨‘彩云市集’”亮相旧金山
  ok 40484 -> 529  [i]  大莊家賭場度假村」連續10年獲全美讀者票選提名
  ok 40485 -> 530  [ipppp]  「大莊家賭場度假村」呈獻《2025起來-杜德偉巡演》
  ok 40486 -> 531  [v]  特朗普接管首都警局
  ok 40487 -> 532  [ppp]  美国COVID病例上升，限制加强针接种政策即将出台
  ok 40488 -> 533  [pv]  “互惠关税”开启 全球市场的分裂时刻
  ok 40489 -> 534  [v]  特朗普動員國民兵進駐華盛頓 形象工程還是治安必要？
  ok 40490 -> 535  [i]  誠摯邀請您參與「2025慈濟美國慈善感恩音樂會」！
  ok 40491 -> 536  [pippipp]  埃莱尼·库纳拉基斯与马世云互相背书 竞逐 2026 年加州政府高层公职
  ok 40492 -> 537  [i]  「天河大賭場」歡慶三週年推出 $300,000玩轉三重現金送大禮
  ok 40493 -> 538  [v]  特朗普：若美俄峰会顺利，举行俄乌会谈可好
  ok 40494 -> 539  [v]  儿童版速度与激情 坏蛋联盟2
  ok 40495 -> 540  [v]  特朗普评美俄会晤：棋局
  ok 40496 -> 541  [pv]  关税大棋局 特朗普多线开战的全球博弈
  ok 40497 -> 542  [i]  2025 華埠服務中心獎學金頒獎典禮 — 點亮夢想之路
  ok 40498 -> 543  [iv]  悠游 | 在建筑森林穿梭
  ok 40499 -> 544  [ipipipip]  侨领张素久自传《和平将军的女儿》全球首发即将启动
  ok 40500 -> 545  [i]  「長榮天際：風格與味蕾的旅行」
  ok 40501 -> 546  [v]  美高校留学潮骤冻
  ok 40502 -> 547  [ppippppippppipppppipp]  Ask NAPCA Column #18
  ok 40503 -> 548  [v]  減稅＋退休金改革，福音還是高風險實驗？
  ok 40504 -> 549  [v]  BC創意-IB課程與私校的選擇-上
  ok 40505 -> 550  [v]  BC創意-IB課程與私校的選擇-下
  ok 40506 -> 551  [pipipipipppppppipipip]  「第二屆2025灣區國際兒童繪畫大賽」優秀作品展暨頒獎典禮在港舉行
  ok 40507 -> 552  [pv]  峰会不断 战火未熄 俄乌和平一线牵
  ok 40508 -> 553  [v]  特朗普对俄施压
  ok 40509 -> 554  [iv]  悠游 | 在世界最老的博物馆里避雨
  ok 40510 -> 555  [v]  处暑养生新吃法：花旗参日式厚蛋烧上线 低脂养生又美味
  ok 40511 -> 556  [v]  特朗普促俄乌领导人一对一会面
  ok 40513 -> 557  [ipippipipp]  華美銀行連三年獲《Bank Director》評為全美最佳營運銀行
  ok 40514 -> 558  [v]  特朗普期待 再次与金正恩会面
  ok 40515 -> 559  [i]  長榮攜西南航空 升級北美航網
  ok 40516 -> 560  [ppippppppipppppppp]  六年榮獲 J.D. Power 科技體驗指數大眾品牌第一
  ok 40517 -> 561  [pv]  或年度最佳恐怖片Weapons兇器
  ok 40518 -> 562  [iv]  悠游 | 星星的孩子慢慢唱
  ok 40519 -> 563  [v]  美联储理事库克 起诉特朗普
  ok 40520 -> 564  [v]  特朗普第二任期啟動清算
  ok 40521 -> 565  [pv]  这是谁的美国？特朗普的移民新秩序
  ok 40522 -> 566  [v]  明尼亚波利斯 召开枪击案新闻发布会
  ok 40523 -> 567  [v]  路小雲醫生談中醫智慧與健康之道-上
  ok 40524 -> 568  [v]  路小雲醫生談中醫智慧與健康之道-下
  ok 40525 -> 569  [ippiippppppp]  Yaamava’ 全新餐飲娛樂地標 bEATS 8/28 盛大登場
  ok 40526 -> 570  [pippppipppppppppippppppppippppppp]  兩女孩賣檸檬水 為 St. Jude 籌款近 22,000 美元
  ok 40527 -> 571  [v]  特朗普证实 观看九三阅兵
  ok 40528 -> 572  [v]  特朗普啟動十兆美元經濟計畫 全面備戰2026中期選舉
  ok 40529 -> 573  [i]  福智洛杉磯慈善音樂會 為小鸚鵡農場點燃希望
  ok 40530 -> 574  [i]  天河大賭場9月豪奬祭出　總獎金$50萬慶三週年
  ok 40531 -> 575  [iv]  悠游 | 把生命浪费在美好的地方
  ok 40532 -> 576  [v]  5分钟快手元气早餐 | 姜香法式吐司
  ok 40533 -> 577  [v]  特朗普拟设“错误拘留国家”惩处机制
  ok 40534 -> 578  [v]  白宫经济首席:美联储必须独立 降息在即成焦点
  ok 40535 -> 579  [pv]  美签大审查 特朗普移民政策冲击校园
  ok 40536 -> 580  [i]  大莊家會籍配對，一卡尊享豪禮
  ok 40537 -> 581  [v]  明州教堂血案：再度揭開美國控槍困境
  ok 40538 -> 582  [v]  白宫否认批准打击 外界指美以裂痕扩大
  ok 40539 -> 583  [pppippppppppipppppppp]  現代汽車「希望之輪」歡慶27週年
  ok 40540 -> 584  [v]  美一保守派人士校园活动期间遭枪击身亡
  ok 40541 -> 585  [iv]  悠游 | 逛美术馆的最佳时段在傍晚
  ok 40542 -> 586  [v]  双影帝宿命对决 捕风追影
  ok 40543 -> 587  [i]  龍千玉、邵大倫、澤帆暖唱2025慈濟美國音樂會
  ok 40544 -> 588  [i]  長榮航空奪雙獎　以「綠色天空」展現永續力
  ok 40545 -> 589  [v]  特朗普将向柯克追授总统自由勋章
  ok 40546 -> 590  [pv]  疫苗之争 健康守护还是政治游戏？
  ok 40547 -> 591  [ppppppp]  加州电动车主注意！拼车道新规来了，宽限期仅60天！
  ok 40548 -> 592  [ppppppppppp]  特朗普盟友柯克枪杀案告破！嫌犯被父亲亲手送上法庭！
  ok 40549 -> 593  [pppppppp]  特朗普推“空中出租车”试点计划 eVTOL将改变未来城市交通！
  ok 40550 -> 594  [ippppppppppp]  PG&E 基金會連續第八年推野火補助　發放 63 筆、總額 95 萬美元
  ok 40551 -> 595  [v]  大义灭亲？自首？柯克遇刺嫌犯落网
  ok 40552 -> 596  [p]  特朗普将宣布国家进入紧急状态！
  ok 40553 -> 597  [p]  加州将添加一个新的国家法定假日！
  ok 40554 -> 598  [v]  百年翰林夢想 遠恆伴您同行 上
  ok 40555 -> 599  [v]  百年翰林夢想 遠恆伴您同行 下
  ok 40556 -> 600  [v]  贝森特：中美元首将通话敲定TikTok协议
  ok 40557 -> 601  [p]  《美国国家科学院院刊》：最古老木乃伊竟不在埃及，而在中国 | 考古新发现
  ok 40558 -> 602  [p]  重磅！40年禁令被废除 佛州：”公开携枪合法“
  ok 40559 -> 603  [p]  史无前例！特朗普再访英国，国王亲自接待！
  ok 40560 -> 604  [v]  特朗普称多家美国大型企业欲收购TikTok
  ok 40561 -> 605  [v]  查理·柯克之死：当言论变成靶心，子弹取代了辩论
  ok 40562 -> 606  [i]  長榮航空舉辦綠色供應鏈頒獎典禮 攜手供應商促永續
  ok 40563 -> 607  [v]  百年大计恒远流长 上
  ok 40564 -> 608  [v]  百年大计恒远流长 下
  ok 40565 -> 609  [i]  如何购买2028洛杉矶奥运会门票！票价28美元起
  ok 40567 -> 610  [pi]  《731》9月19日北美上映，历史真相即将揭晓！
  ok 40568 -> 611  [i]  最新政策：美国入籍考试加题，移民门槛再提高
  ok 40569 -> 612  [i]  重磅！今年首次！美联储降息，股市涨跌不一
  ok 40570 -> 613  [p]  买房好时机？美国30年房贷利率再降！创10月以来新低
  ok 40571 -> 614  [p]  特朗普宣布将 Antifa 列为恐怖组织！
  ok 40572 -> 615  [p]  特朗普：普京真的让我失望了...
  ok 40573 -> 616  [iv]  悠游 | 今天你拆盲盒了吗？
  ok 40574 -> 617  [ipipipii]  洛杉矶中华总商会举办2025年度董事局成员就职典礼
  ok 40575 -> 618  [i]  Yaamava’ Resort & Casino 與 Palms Casino Resort 雙雙榮膺全美最佳賭場
  ok 40576 -> 619  [p]  美国一男子坐环球影城过山车后死亡！
  ok 40577 -> 620  [p]  留美梦更难了？特朗普拟推$10万H-1B申请费
  ok 40578 -> 621  [p]  美国人真的“月光”？近三成连400美元都拿不出
  ok 40580 -> 622  [p]  特朗普10万美元H1-B签证费的最新解读来了！
  ok 40581 -> 623  [p]  全美国家公园这周六免费开放！
  ok 40582 -> 624  [ipipip]  科技公司“TS” 悬赏50万美元 追回涉及国家安全的失窃英伟达服务器组件
  ok 40583 -> 625  [v]  迪士尼宣布“鸡毛秀”将于23日回归
  ok 40584 -> 626  [p]  特朗普再对 H-1B 签证出手！拟定新规：优先考虑高薪岗位
  ok 40585 -> 627  [iipiip]  「重煥生機」St. Jude 助 Yike 以藝重生
    skip video, not archived: http://app.ifengus.com/2025/Sept/FCMZ/0923.mp4
  skip 40586: produced zero blocks
  ok 40587 -> 628  [v]  特朗普称俄纸老虎 支持北约援乌
  ok 40588 -> 629  [pippppppp]  麥當勞邀請粉絲參加 TinyTAN 快樂兒童餐魔法見面會
  ok 40589 -> 630  [v]  遠恆建築-一建多-上
  ok 40590 -> 631  [p]  房利美预测：2026美国楼市全面复苏！
  ok 40591 -> 632  [i]  尴尬了！白宫“总统星光大道”揭幕 拜登肖像竟然是......
  ok 40592 -> 633  [p]  特朗普吐槽联大：电梯失灵！提词器故障！联合国回应来了：这个锅我不背
  ok 40593 -> 634  [pipppppppppppppppppp]  大莊家十月送禮：中秋$375,000現金＋EASYPLAY®大抽獎！
  ok 40594 -> 635  [ppipppip]  劉洛希：在剪輯的縫隙裡，讓自然開口
  ok 40595 -> 636  [pv]  超人气！鬼灭之刃无限城上映！
  ok 40596 -> 637  [v]  遠恆建築-一建多-下
  ok 40597 -> 638  [v]  美国国务院发言人:联合国偏离创始原则
  ok 40598 -> 639  [p]  美国家庭开销暴涨！物价涨势不减 这几类飙升最为严重
  ok 40599 -> 640  [p]  美政府关门倒计时！特朗普警告：关门就裁员！民主党怒斥“恐吓”
  ok 40600 -> 641  [p]  无需申请！数百万加州居民十月将迎来电费返还
  ok 40601 -> 642  [pipippip]  PianoLab Duo双钢琴音乐会尔湾首演  呈现合作与教育并重之声
  ok 40602 -> 643  [p]  前FBI局长因“通俄”证词遭起诉！特朗普称更多指控在路上
  ok 40603 -> 644  [p]  100%的关税！特朗普要求10月1日对这类产品征税
  ok 40604 -> 645  [i]  2026美加墨世界杯官方吉祥物揭晓！
  ok 40605 -> 646  [pv]  暗杀背后 查理·柯克遇刺与“撕裂”的美国
  ok 40606 -> 647  [v]  特朗普宣称已经接近达成加沙停火协议
  skip 40607: category not mapped: 留学攻略
  ok 40608 -> 648  [v]  特朗普宣布结束加沙战争二十点全面计划
  ok 40609 -> 649  [p]  特朗普将推“TrumpRx”廉价购药平台 携手辉瑞降价
  ok 40610 -> 650  [p]  美国迎史上最大规模离职潮：10万联邦员工同时下岗！
  ok 40611 -> 651  [p]  10月起美国签证费用暴涨，留学和旅游成本直线上升
  ok 40612 -> 652  [v]  从科米到亚当斯：美国政坛陷入报复的恶性循环
  skip 40613: category not mapped: 粤语新闻
  ok 40614 -> 653  [p]  七年来首次！美国政府正式关门，对你有何影响？
  ok 40615 -> 654  [p]  纽约公寓楼发生爆炸 部分建筑倒塌
  ok 40616 -> 655  [p]  黄金价格创历史新高！
  ok 40617 -> 656  [v]  万斯指民主党酿成政府关门
  ok 40618 -> 657  [v]  加拿大央行降息，房地产市场反弹见曙光？ 上
  ok 40619 -> 658  [v]  加拿大央行降息，房地产市场反弹见曙光？ 下
  ok 40620 -> 659  [p]  分析师：H-1B签证改革粉碎了印度学生的美国梦
  ok 40621 -> 660  [p]  白宫机密通知曝光！特朗普对贩毒集团“开战”！
  ok 40622 -> 661  [p]  最新数据出炉：全美今年已裁员近95万！达到2020年以来最高水平
  ok 40623 -> 662  [piipiipiippipi]  主廚 John 於洛杉磯連續兩場活動 慶祝料理初心與亞裔文化傳承
  ok 40624 -> 663  [pppippipppppipp]  現代汽車調降2026 IONIQ 5電車系列定價
  ok 40625 -> 664  [pippipi]  美中工商協會捐款助殉職警子女就學
  ok 40626 -> 665  [v]  政府停摆第二天 特朗普加码攻势
  ok 40627 -> 666  [pv]  脱口秀不能脱口？言论自由的底线之争
  ok 40628 -> 667  [p]  美国政府关门第三天！两党互不相让，特朗普警告：将实施永久性裁员
  ok 40629 -> 668  [p]  爆炸震动洛杉矶！机场旁炼油厂起火，油价或逼近6美元！
  ok 40630 -> 669  [p]  南加州周末气象预警：风力猛增，部分地区阵雨来袭
  ok 40631 -> 670  [ppipppiiiipppipipppipiippppppipipipipippppipi]  第二届美加翰林盃高尔夫精英赛在加拿大列治文圆满收杆
  ok 40632 -> 671  [ipppipppp]  加州貨盜風險攀升華興保險辦講座助企業防損
  ok 40633 -> 672  [p]  纽约州126所大学宣布：申请免费！
  ok 40634 -> 673  [p]  签证被吊销！200多名留学生起诉特朗普政府
  ok 40635 -> 674  [pppppp]  价格实惠的药物被发现有望治疗重症COVID患者
  ok 40636 -> 675  [v]  伊州与芝加哥联手起诉国民警卫队部署
  ok 40637 -> 676  [p]  AI是失业的开始？美参议院最新报告：人工智能将取代近一亿个工作岗位！
  ok 40638 -> 677  [p]  不惧特朗普对H1B的新规！英伟达CEO：$10万签证费我们包了！
  ok 40639 -> 678  [i]  中国汾酒闪耀亮相纽约时代广场！
  ok 40640 -> 679  [p]  美国政府停摆冲击机场！空管员缺岗致大规模延误
  ok 40641 -> 680  [v]  关门对峙升级 白宫考虑拒发联邦催员欠薪
  ok 40642 -> 681  [p]  飓风“普里西拉”来袭！南加州或迎雷暴天气
  ok 40643 -> 682  [p]  特斯拉重磅降价！Model Y标准版史上最低价
  ok 40644 -> 683  [iv]  悠游 | 我在美国学掐丝和螺钿
  ok 40645 -> 684  [v]  半数美国人认为特朗普逐非法移民“过火了”
  ok 40646 -> 685  [p]  迪士尼悲剧！一名女子在玩完这个项目后死亡
  ok 40647 -> 686  [p]  重大突破！特朗普宣布：加沙停火协议生效
  ok 40648 -> 687  [pv]  美国政府到底为何“停摆”！？两党政治博弈全民买单！
  ok 40649 -> 688  [i]  IRS出2026年纳税新规！这些税率和扣除额都有变化
  ok 40650 -> 689  [ipiippiipppipppppppp]  慈濟核桃小學秋季學術評測領先全美同級生
  ok 40651 -> 690  [v]  美媒:特朗普将矛头对准波特兰 源自积压近十年矛盾
  ok 40652 -> 691  [p]  美国分析公司报告：全美22州陷入或濒临经济衰退！
  ok 40653 -> 692  [p]  白宫正式宣布：将开始“大规模”裁减联邦工作人员！
  ok 40654 -> 693  [i]  诺贝尔和平奖揭晓：不是特朗普，而是她
  ok 40655 -> 694  [v]  特朗普：对华加征100%税回应稀土管制
  ok 40656 -> 695  [p]  高盛警告：特朗普的关税，美国人自己买单！
  ok 40657 -> 696  [p]  谷歌砸150亿美元在印度建AI中心 | 科技
  ok 40658 -> 697  [ippppppppppppp]  西雅圖長者參與NAPCA與IDIC活動　瞭解Medicare註冊與多項福利
  ok 40659 -> 698  [i]  防貨竊新趨勢　警企共築運輸安全網
  ok 40660 -> 699  [ppppppp]  后疫情时代的健康图景
  ok 40662 -> 700  [i]  特朗普再登《时代》封面！怒批：这张照片简直史上最糟！
  ok 40663 -> 701  [v]  特朗普质疑中国采购 阿根廷大豆挑拨美阿关系 | 美洲新闻 2025年10月14日
  ok 40664 -> 702  [p]  凤凰卫视美洲台观众问卷调查 | 您的一票决定精彩内容
  ok 40665 -> 703  [p]  美国买新车已经这么贵了？凯利蓝皮书KBB报告新车均价
  ok 40666 -> 704  [p]  洛杉矶郡宣布进入紧急状态！
  ok 40667 -> 705  [i]  洛杉矶警方通报：USC中国留学生涉嫌下药性侵多名女子被捕！不得保释
  ok 40668 -> 706  [v]  美防长警告俄罗斯或将"付出代价" | 美洲新闻 2025年10月15日
  ok 40669 -> 707  [p]  美国房贷利率下滑！逼近年度低点
  ok 40670 -> 708  [p]  法官阻止特朗普政府大规模裁员！称其非法
  ok 40671 -> 709  [p]  “终结”另一场战争？特朗普与普京结束通话！社媒曝通话细节...
  ok 40672 -> 710  [iv]  悠游 | 世界杯足球和奥运游泳赛都在这里比！
  ok 40673 -> 711  [v]  特朗普与普京通话 定于两周后在匈牙利会晤 | 美洲新闻 2025年10月16日
  ok 40674 -> 712  [pv]  十万美金高门槛  美国H-1B签证新时代
  ok 40675 -> 713  [p]  加州推出平价胰岛素 或让患者每年省下数千美元
  ok 40676 -> 714  [p]  “太贵了！”美国商会起诉特朗普政府 反对H-1B的$10万签证费
  ok 40677 -> 715  [p]  伊利诺伊州长拉斯维加斯豪赌狂赢140万美元！
  ok 40678 -> 716  [v]  特朗普罕见松口承认关税策略难以为继 | 美洲新闻 2025年10月17日
  ok 40680 -> 717  [p]  “No Kings”抗议刷屏全美！700万人怒喊“不要国王”！特朗普发AI梗图回击
  ok 40681 -> 718  [p]  亚马逊云宕机引发“全球网络地震”！上千网站集体瘫痪
  ok 40682 -> 719  [p]  美国牛肉太贵？特朗普出招：从阿根廷进口！
  ok 40683 -> 720  [i]  2026加州健保大變革　個人保單、紅藍卡雙上路
  ok 40684 -> 721  [v]  美国政府停摆第20日 白宫押注本周破局 | 美洲新闻 2025年10月20日
  ok 40685 -> 722  [i]  福全健保贊助台灣技藝團羅斯密高中演出 強化文化與社區健康連結
  ok 40686 -> 723  [ipppppppppp]  大莊家賭場呈獻《古巨基All About Love聖誕演唱會》
  ok 40687 -> 724  [p]  泄露文件曝光：亚马逊计划用机器人取代60万美国员工！
  ok 40688 -> 725  [p]  特朗普政府H1B签证新规：这种情况可免缴10万美元签证费！
  ok 40689 -> 726  [p]  日本首位女首相：五件事让你快速了解高市早苗
  ok 40690 -> 727  [ppppppppippp]  科学养健，褐藻糖胶免疫新革命
  ok 40691 -> 728  [v]  白宫证实美俄元首第二次峰会已被搁置 | 美洲新闻 2025年10月21日
  ok 40692 -> 729  [ipippp]  華美銀公佈 2025 Q3 財報
  ok 40693 -> 730  [p]  Meta 再次裁员600人！这次轮到 AI 人工智能部门
  ok 40694 -> 731  [p]  美国移民局突袭纽约唐人街！15至40人被捕
  ok 40695 -> 732  [v]  加州州长:若派兵旧金山 立即起诉特朗普 | 美洲新闻 2025年10月22日
  ok 40696 -> 733  [p]  特朗普宣布赦免币安创始人赵长鹏：“加密战争结束了”
  ok 40697 -> 734  [p]  美国制裁俄罗斯两大石油巨头！普京怒斥：不友好！
  ok 40698 -> 735  [ppipppipppippp]  國泰銀行公佈2025年度國泰銀行獎學金獲獎名單
  ok 40699 -> 736  [pv]  真相与谜团  10号仓里的女人
  ok 40700 -> 737  [v]  白宫宣布中美元首30日在韩国会晤 | 美洲新闻 2025年10月23日
  ok 40701 -> 738  [i]  華興保險深耕美國四十年　以在地經驗助企業落地
  ok 40702 -> 739  [pv]  选票的颜色 美国最高院《投票权法》之争
  ok 40703 -> 740  [p]  特朗普宣布终止与加拿大所有贸易谈判
  ok 40704 -> 741  [p]  美国通胀攀升至一月份以来最高水平！
  ok 40705 -> 742  [p]  “10万美元签证费”吓退雇主！美企集体叫停H-1B招聘
  ok 40706 -> 743  [iv]  悠游 | 谁说El Monte是美食沙漠！
  ok 40707 -> 744  [pippppppppppppppppppppppppppppppppp]  曲全立導演新作《台灣超人》溫暖登北美
  ok 40708 -> 745  [i]  2025長榮航空馬拉松 台北起跑 飛向世界
  ok 40709 -> 746  [v]  特朗普叫停与加拿大关税谈判 | 美洲新闻 2025年10月24日
  ok 40710 -> 747  [pppp]  特朗普拒绝“副总统回炉”操作 却未否认寻求第三个总统任期
  ok 40711 -> 748  [v]  王毅鲁比奥通话 为中美元首釜山会晤铺路 | 美洲新闻 2025年10月27日
  ok 40712 -> 749  [p]  人工智能替白领上岗！美国大厂将裁员3万人 掀起最大规模裁员潮
  ok 40713 -> 750  [p]  特朗普与高市早苗签署稀土和核电协议！
  ok 40714 -> 751  [p]  美国众议院议长：特朗普第三任期“不可行”
  ok 40715 -> 752  [v]  心脑血管疾病如何 “未病先防、既病防变” ？上
  ok 40716 -> 753  [v]  心脑血管疾病如何 “未病先防、既病防变” ？下
  ok 40717 -> 754  [piiipipi]  美国华人妇女联合会举办海上联谊活动
  ok 40718 -> 755  [v]  美国空管员断薪、人手缺乏导致全美航班延误 | 美洲新闻 2025年10月28日
  ok 40719 -> 756  [p]  美联储今年第二次降息！政府停摆进入第29天
  ok 40720 -> 757  [p]  特朗普公开表示，他“很明显”不能竞选第三任期！
  ok 40721 -> 758  [v]  特朗普罕见松口 或无缘再战2028 | 美洲新闻 2025年10月29日
  ok 40722 -> 759  [p]  H-1B风暴蔓延佛州！州长宣布严厉打击H-1B签证的使用
  ok 40723 -> 760  [p]  史上最低！特朗普将美国难民上限降至7500人，大部分名额给了他们
  ok 40724 -> 761  [v]  特朗普:明年四月访华 中美会晤超满分 | 美洲新闻 2025年10月30日
  ok 40725 -> 762  [p]  2025年夏令时本周日结束！睡眠时间多加1小时
  ok 40726 -> 763  [p]  非公民及绿卡持有者注意！美国将全面启用这一新规
  ok 40727 -> 764  [iv]  悠游 | 洛杉矶适合City Walk的小地方
  ok 40728 -> 765  [pv]  特朗普亚洲行 华丽巡演还是战略博弈？
  ok 40729 -> 766  [p]  美媒：副总统呼吁大幅削减合法移民数量
  ok 40730 -> 767  [v]  特朗普促共和党废除参议院"冗长辩论" | 美洲新闻 2025年10月31号
  ok 40731 -> 768  [ipipiiiiiipi]  洛杉矶首个青少年体育嘉年华 Keystone Sports Festival 引爆家庭体育热潮
  ok 40732 -> 769  [p]  SOS Voter Education Campaign
  ok 40733 -> 770  [v]  美联邦政府停摆进入第34天 或打破记录 | 美洲新闻 2025年11月3日
  ok 40734 -> 771  [p]  美国政府停摆危机升级！交通部长：或被迫关闭部分空域
  ok 40735 -> 772  [p]  投票热潮创新高！纽约市将选出下一任市长 特朗普喊话“都投他”
  ok 40736 -> 773  [ppippippp]  2026現代IONIQ 9和Santa Cruz榮獲IIHS最佳安全首選大獎
  ok 40737 -> 774  [v]  美国政府停摆持平纪录 民众矛头指向共和党与白宫 | 美洲新闻 2025年11月4日
  ok 40738 -> 775  [p]  严重空难！UPS货机起火坠毁 至少9死11重伤
  ok 40739 -> 776  [p]  创造历史！90后穆斯林当选纽约市长 民主党候选人连获胜利
  ok 40740 -> 777  [i]  St. Jude 想象學院全方位守護患兒
  ok 40741 -> 778  [v]  最高院聚焦「总统是否可课税」关税岌岌可危 | 美洲新闻 2025年11月5日
  ok 40742 -> 779  [p]  微软成立“超级智能”团队 瞄准医学诊断领域
  ok 40743 -> 780  [p]  最新数据：美国家庭债务创新高！富人继续消费 年轻人却还不起账了
  ok 40744 -> 781  [iv]  悠游 | 在这儿可以吃到炒藕带！
  ok 40745 -> 782  [p]  特朗普政府上任后撤销8万签证！这几类人成重点对象
  ok 40746 -> 783  [v]  特朗普寻求绕过国会合法打击委内瑞拉 | 美洲新闻 2025年11月6日
  ok 40747 -> 784  [p]  美交通部长最新警告：政府持续关门！航班或再减20%
  ok 40748 -> 785  [pv]  美国史上最长停摆 从政党僵局到民生危机
  ok 40749 -> 786  [v]  美否认特朗普不重视APEC多边合作机制 | 美洲新闻 2025年11月7日
  ok 40750 -> 787  [p]  每人$2000！特朗普称要给美国人发“关税红利”
  ok 40751 -> 788  [p]  寒流来袭！全美三分之二地区将迎来暴雪与创纪录低温
  ok 40752 -> 789  [v]  全球AI战略布局新变化 中美数字经济与竞争 | 天天话题
  ok 40753 -> 790  [pipppppi]  「加州全保」開放投保正式啟動　聯邦補助到期保費恐大漲
  ok 40754 -> 791  [ippppppppppppppppp]  洛杉磯華埠居民與民選官員將在洛杉磯縣大都會交通管理局（LA Metro）線上公聽會上發聲：反對道奇體育場空中纜車計畫
  ok 40755 -> 792  [v]  参院拨款法案破局在即 政府重启进入倒计时 | 美洲新闻 2025年11月10日
  ok 40756 -> 793  [ipippipipippippipipippippippippippippipipip]  第16届鲁迅青少年文学奖（美国社区）颁奖典礼举行
  ok 40757 -> 794  [i]  第三届「快乐健康日」中西医博士联合义诊活动  Veterans Day感恩特别活动
  ok 40758 -> 795  [p]  肯尼迪家族再出政坛新星：唯一外孙将竞选国会议员
  ok 40759 -> 796  [p]  特朗普白宫宴请华尔街大佬 美国经济将迎转折？
  ok 40760 -> 797  [pipppipppp]  許氏參業集團亮相 2025 第八屆中國國際進口博覽會 持續半世紀匠心精神,連續八年參展推廣優質美國花旗參
  ok 40761 -> 798  [pv]  火烧天堂镇 加州史上最严重山火改编
  ok 40762 -> 799  [v]  特朗普罕见为H-1B签证与中国留学生辩护
  ok 40763 -> 800  [iiiiiii]  用音乐点亮世界 自闭症青少年亮相联合国80周年庆典
  ok 40764 -> 801  [p]  加州吊销1.7万移民商用驾照！新规：只有这三类签证才能申请
  ok 40765 -> 802  [p]  美国又一巨头公布裁员计划！约1.5万员工受影响
  ok 40766 -> 803  [p]  43天政府关门终于结束！航班和粮食援助恢复仍需等待
  ok 40767 -> 804  [ppppipppp]  國泰銀行參與CFA Institute研究挑戰賽
  ok 40768 -> 805  [v]  美联邦政府开门 多部门启动发薪流程
  ok 40769 -> 806  [p]  航班延误不赔钱了！拜登时代的新规被全面撤销
  ok 40770 -> 807  [p]  美国IRS宣布了！现在可以为你的退休账户存更多的钱
  ok 40771 -> 808  [p]  重磅！特朗普政府拟新规：限制这些国家的移民申请绿卡！
  ok 40772 -> 809  [iv]  悠游 | 这个集市的摊主都是小朋友！
  ok 40773 -> 810  [pv]  关税叠加停摆风暴 美国消费信心寒冬来临 | 热点追踪
  ok 40774 -> 811  [pipppippppipppp]  KIA汽車發佈迪士尼、漫威、皮克斯、星球大戰™和國家地理顯示主題
  ok 40775 -> 812  [pippippip]  AnnKaren Spa 22週年隆重盛典
  ok 40776 -> 813  [v]  特朗普称愿意签署法案 公布爱滋斯坦档案
  ok 40777 -> 814  [p]  加州大气河流风暴酿7死惨剧！华裔家庭遇难，更多降雨逼近
  ok 40778 -> 815  [p]  特朗普政府宣布解散教育部计划！
  ok 40779 -> 816  [v]  沙特王储访美 受特朗普第二任期最高规格礼遇
  ok 40780 -> 817  [p]  亿万富翁宣布竞选加州州长!
  ok 40781 -> 818  [p]  特朗普将签署法案，强制公开更多与爱泼斯坦有关的文件
  ok 40782 -> 819  [p]  明年起赴美入境费涨价！ESTA、EVUS全线上调
  ok 40783 -> 820  [ipippip]  感恩節送暖 加州參議員 Maria Elena Durazo 與華埠服務中心攜手發放食物補給
  ok 40784 -> 821  [ipppppp]  依據迪士尼動畫電影《美女與野獸》改編，百老匯經典音樂劇，即將登陸您的城市
  ok 40785 -> 822  [ippppipppippipp]  厚积八载 势启新章 滙衆金融集团八周年庆典发布“智领金融3.0”战略蓝图
  ok 40786 -> 823  [pv]  两党罕见联手揭秘爱泼斯坦档案背后的深意  | 热点追踪
  ok 40787 -> 824  [v]  特朗普下最后通牒 促乌感恩节前接受协议
  ok 40788 -> 825  [p]  南加州油价连跌！感恩节出行更划算
  ok 40789 -> 826  [p]  美国22州集体涨薪！这几州最低工资涨幅最大
  ok 40790 -> 827  [i]  大莊家賭場度假村隆重呈獻：百萬現金・EASYPLAY佳節豪禮抽獎！
  ok 40791 -> 828  [pippipppp]  農心携手aespa發布全球辛拉麵廣告
  ok 40792 -> 829  [ippp]  好萊塢明星攜手美國知名品牌 為 St. Jude 活動注入節日暖意
  ok 40793 -> 830  [v]  ‘87年经典全新演绎 猎杀游戏
  ok 40794 -> 831  [v]  明年或四度峰会 中美高层互动罕见密集期
  ok 40795 -> 832  [ppppppppppppppp]  2026紅藍卡費用上調　轉換期倒數一週
  ok 40796 -> 833  [i]  「天河大賭場」迎2026　冰火跨年夜熱力全開
  ok 40797 -> 834  [pv]  黑五狂热背后 美国消费分化下的“假繁荣”？ | 热点追踪
  ok 40798 -> 835  [v]  普京周二会见特朗普代表 白宫对谈判前景感到乐观
  ok 40799 -> 836  [p]  特朗普政府斥资1.5亿美元入股芯片初创公司
    skip image, not archived: https://statics.xiumi.us/stc/images/templates-assets/tpl-paper/image/3cf0c13abe591648c2010b6587fb5e9f-sz_6939.png
  skip 40800: produced zero blocks
    skip video, not archived: http://app.ifengus.com/2025/Dec/TTHT/1202.mp4
  skip 40801: produced zero blocks
  ok 40802 -> 837  [v]  特朗普:美将对委内瑞拉陆地目标发动打击
  ok 40803 -> 838  [p]  特朗普账户登场！生娃直接送$1000，戴尔创始人豪捐62亿
  ok 40804 -> 839  [p]  特朗普中止19国移民申请！庇护、绿卡、入籍全面受阻
  ok 40805 -> 840  [ppppppppiipppppppppippppppppppppppppppppppppppp]  史努比伴您同行：現代汽車與花生漫畫攜手打造客制化車載顯示器
  ok 40806 -> 841  [v]  新奥尔良市启动大规模移民突袭行动
  ok 40807 -> 842  [p]  美国平均油价四年多来首次跌破3美元！
  ok 40808 -> 843  [p]  最新报告：今年裁员人数已超过110万！为疫情爆发以来最高
  ok 40809 -> 844  [pi]  假日模式已开启！洛杉矶的圣诞节活动不要错过哦（一）
  ok 40810 -> 845  [v]  《纽约时报》起诉美国防部侵犯新闻自由
  ok 40811 -> 846  [pp]  哈佛史丹佛法律人 Brian Goldsmith 參選加州第24選區 盼為多社區發聲
  ok 40812 -> 847  [v]  全球穩定幣監管與創新方向 （上）
  ok 40813 -> 848  [v]  全球穩定幣監管與創新方向 （下）
  ok 40814 -> 849  [v]  这杯热饮逆天了！花旗参×紫薯×奥利奥，滋补好喝到停不下来！
  ok 40815 -> 850  [v]  特朗普：永久暂停第三世界国家移民 特朗普强硬移民政策再升级 | 热点追踪
  ok 40816 -> 851  [p]  2026世界杯小组赛揭晓！美国队首战队伍是...
  ok 40817 -> 852  [p]  媒体行业重磅！Netflix以720亿美元吞下华纳影业及HBO
  ok 40818 -> 853  [p]  美移民局最严审查启动：要求H1B申请人公开社媒，设新部门查背景！
  ok 40819 -> 854  [ppi]  2025 國泰銀基金會獎學金出爐
  ok 40820 -> 855  [iv]  悠游 | 你听过国际游乐园博览会吗？
  ok 40821 -> 856  [v]  美国安战略出炉 推特朗普版门罗主义
  ok 40822 -> 857  [p]  特朗普将签行政令！统一全美人工智能规则
  ok 40823 -> 858  [p]  北极寒流再袭美国！全美气温暴跌20华氏度
  ok 40824 -> 859  [p]  派拉蒙出手！每股$30现金抢华纳，直面Netflix竞购
  ok 40825 -> 860  [ii]  參議員、市長站台！WeTrust 2025洛杉磯感恩晚宴舉行
  ok 40826 -> 861  [v]  特朗普不满前盟友大谈分歧 再称其为叛徒
  ok 40827 -> 862  [p]  人工智能竞赛加速！微软向AI领域投资230亿 重点在印度
  ok 40828 -> 863  [i]  73岁老太冒充加州继承人卷走3000万美元！FBI全球通缉
  ok 40829 -> 864  [p]  特朗普批准“微型汽车”在美制造 称其“可爱”
  ok 40830 -> 865  [v]  中国贸易顺差首破1万亿美元创新高
  ok 40831 -> 866  [p]  美国计划审查外国游客五年来的社媒历史记录
  ok 40832 -> 867  [p]  美联储年内第三次降息！
  ok 40833 -> 868  [ii]  福全健保社區乳癌篩檢活動
  ok 40834 -> 869  [v]  美国在委内瑞拉海岸扣押一艘油轮
  ok 40835 -> 870  [ipi]  CrazyLive 宣布 12 月 14 日大型金融科技讲座
  ok 40836 -> 871  [iv]  悠游 | 儿时快乐真的不可复制吗？
    skip video, not archived: http://app.ifengus.com/2025/Dec/USNEWS/1211/0.mp4
  skip 40837: produced zero blocks
  ok 40838 -> 872  [p]  2026加州大变革！这些新法规将影响所有居民生活
  ok 40839 -> 873  [p]  美国流感暴涨！甲流新变种来袭，纽约疫情最严重
  ok 40840 -> 874  [p]  加州联手多州就H-1B签证10万美元费用起诉特朗普政府
  ok 40841 -> 875  [p]  $20万高薪入职特朗普政府？“美国科技部队”聘1000名AI技术专家
  ok 40842 -> 876  [p]  美国电费或上涨13%！跟这些原因有关...
  ok 40843 -> 877  [p]  索赔$100亿！特朗普起诉BBC“恶意剪辑”
  ok 40844 -> 878  [p]  11月就业报告出炉：失业率触及四年来最高水平
  ok 40845 -> 879  [p]  《怦然心动》的导演夫妇在家中死亡！儿子涉嫌谋杀被捕！
  ok 40846 -> 880  [ipipippiiii]  加州中医针灸师联合公会2025年会  国会议员赵美心出席致辞
  ok 40847 -> 881  [ii]  華埠服務中心攜手南加州華人律師協會 第39屆送暖活動惠及300家庭
  ok 40848 -> 882  [p]  截胡失败？华纳兄弟更倾向接受Netflix的报价 帕拉蒙遭拒
  ok 40849 -> 883  [p]  特朗普宣布委内瑞拉为“外国恐怖组织”，实施全面封锁
  ok 40850 -> 884  [ippipipppppp]  2026現代Palisade榮獲2025年IIHS最佳安全首選殊榮
  ok 40851 -> 885  [p]  美国节假日出行人数比去年更多！这些城市位居热门目的地榜首
  ok 40852 -> 886  [i]  中國汾酒慶祝巴拿馬萬國博覽會甲等獎110週年暨中美酒文化交流成功
  ok 40853 -> 887  [pippppppppppppppppppp]  KIA Telluride入選《新聞週刊》「2026年最受期待新車」榜單
  ok 40854 -> 888  [pv]  特朗普120亿「农业圣诞大礼包」补贴背后的盘算 | 热点追踪
  ok 40855 -> 889  [v]  白宫:美国已进入"特朗普经济"阶段
  ok 40856 -> 890  [iv]  悠游 | 有你在一切皆美好
  ok 40857 -> 891  [v]  冬至不只吃饺子｜花旗参苹果肉桂茶暖身补气越喝越上头
  ok 40858 -> 892  [ppv]  枪声再响 美国校园枪支暴力的循环困局 | 热点追踪
  ok 40859 -> 893  [p]  美国大学枪击案后，特朗普下令暂停绿卡抽签计划
  ok 40860 -> 894  [p]  特朗普：不排除与委内瑞拉开战的可能性
  ok 40861 -> 895  [v]  美军加强部署波多黎各 举行军事演习
  ok 40862 -> 896  [v]  初心不渝  笃行致远  青少年领袖Audrey Sung的成长之路 上
  ok 40863 -> 897  [v]  初心不渝  笃行致远  青少年领袖Audrey Sung的成长之路 下
  ok 40864 -> 898  [p]  美国因人工智能导致的裁员人数接近 5.5 万人！
  ok 40865 -> 899  [v]  从农民到坐拥国际文旅行业顶尖荣誉 长隆集团董事长苏志刚专访 | 天天话题
  ok 40866 -> 900  [p]  “大而美法案”首个报税季：这些税改新规影响你的钱包！
  ok 40867 -> 901  [ppipppppppppppppiiipippppppi]  美国奥淇宏盛岁末圣诞，全美同频欢聚
  ok 40868 -> 902  [ipppppppp]  大莊家賭場度假村呈獻｜李克勤《BEST WISHES 2026》演唱會
  ok 40869 -> 903  [v]  万斯对俄乌和平前景释放罕见悲观信号
  ok 40870 -> 904  [v]  CES展会聊AI
  ok 40873 -> 905  [v]  CES车厂中企综合
  ok 40874 -> 906  [v]  CES在医疗领域AI
  ok 40875 -> 907  [v]  LA CES 未现特朗普阴霾
  ok 40876 -> 908  [v]  LA 2025 CES 展
  ok 40877 -> 909  [v]  别无选择只能疯癫 《无可奈何》
  ok 40878 -> 910  [v]  美完成对中芯片调查 关税暂缓至少18个月
  ok 40879 -> 911  [ipppppp]  PALMS CASINO RESORT 以無限景觀與璀璨煙火迎接 2026
  ok 40880 -> 912  [ipppppi]  回收有回報：San Gabriel機油濾油器回收活動！
  ok 40881 -> 913  [v]  美媒:特朗普经济政策造福前10%富人
  skip 40882: category not mapped: 移民法
  ok 40883 -> 914  [v]  爱泼斯坦羁押期间死亡细节曝光
  ok 40884 -> 915  [ippppppppppppp]  天河大賭場迎新年　百萬現金活動開鑼
  ok 40885 -> 916  [v]  特朗普称美军摧毁委内瑞拉境内大型设施
  ok 40886 -> 917  [pipppppppp]  KIA美國全新2027 Telluride除夕夜亮相時代廣場
  ok 40887 -> 918  [i]  長榮航空第四代豪華經濟艙獲 TheDesignAir Awards 2025 最佳肯定
  ok 40888 -> 919  [v]  泽连斯基游说美方向乌派驻军队
  ok 40889 -> 920  [ipppiipppppii]  長榮航空2026全新機上安全影片上線　詩意重塑飛行安全
  ok 40890 -> 921  [i]  農心進駐紐約JFK機場　開設全球第4家「辛拉麵小吃」
  ok 40891 -> 922  [ippippippppp]  美国洛杉矶华文作家协会成功举办“如何使用AI辅助文学创作”专题研讨会
  ok 40892 -> 923  [v]  一口就沦陷！家庭版花旗参奶香红豆糯米糕
  ok 40893 -> 924  [v]  华盛顿跨年灯光秀启动美国250周年纪念
  ok 40894 -> 925  [i]  2025 古井贡酒全球经销商“百万开拓奖” 美国大文行酒业获奖
  ok 40895 -> 926  [v]  人称Chinese Trump的瑞哥要来美国啦
  ok 40896 -> 927  [pppppppppppppppppppppppppppp]  2026中美经济与投资机会前瞻讲座即将举行
  ok 40897 -> 928  [ippppppippppp]  華埠服務中心攜手洛縣 協助野火災戶申請租金補助
  ok 40898 -> 929  [pv]  特朗普执政2.0 2025年经济政策成绩单 | 热点追踪
  ok 40899 -> 930  [v]  特朗普高调谈健康 称认知测试满分
  ok 40900 -> 931  [v]  2026 CES会展前瞻
  ok 40901 -> 932  [v]  2026 CES 媒体日新奇展品抢先看
  ok 40902 -> 933  [v]  终于排进NVIDIA会场啦
  ok 40903 -> 934  [v]  马杜罗出庭自称"战俘" 否认所有控罪
  ok 40904 -> 935  [v]  瑞哥去维加斯竟然…
  ok 40905 -> 936  [v]  这是什么黑科技啊！电视是透明的
  ok 40906 -> 937  [v]  排队入场很辛苦，进个会场一上午
  ok 40907 -> 938  [v]  瑞哥戴上智能眼镜变身007?
  ok 40908 -> 939  [v]  特朗普在党内会议力挺委内瑞拉突袭行动
  ok 40909 -> 940  [v]  领略前沿科技！凤凰美洲台带你直击联想 CES 大会
  ok 40910 -> 941  [i]  联想CES放大招！发布AI代理，打通PC、手机与可穿戴生态
  ok 40911 -> 942  [v]  瑞哥：机器人好机车啊
  ok 40912 -> 943  [v]  新年快乐！环球星动2025年最佳强档
  ok 40913 -> 944  [v]  CES上的回忆杀
  ok 40914 -> 945  [v]  CES各种机器人亮相！叠衣服、做饭样样精通
  ok 40915 -> 946  [v]  鲁比奥下周会谈格陵兰仍未排除军事选项
  ok 40916 -> 947  [v]  TCL华星APEX臻图亮相CES
  ok 40917 -> 948  [v]  移民局致命枪击事件再挑起移民政策争议
  ok 40918 -> 949  [v]  香港做好「超級聯繫人」 助初創企業拓展全球市場
  ok 40919 -> 950  [i]  世界知名學府典藏慈濟美國《家譜》
  ok 40920 -> 951  [pipppppppppipppppppp]  麥當勞訂1/8為員工技能致敬日
  ok 40921 -> 952  [v]  感冒了？！瑞哥有自己的“灵丹妙药”
  ok 40922 -> 953  [v]  美最高法院或14日裁决特朗普关税合法性
  ok 40923 -> 954  [v]  白宫抨击反ICE游行 为执法行动辩护
    skip image, not archived: https://ci3.googleusercontent.com/meips/ADKq_Nbqo_TMSrwAlzBXhZf4ZoomD_qU6EtQTBXpqyiqAT5GyJusjYYCnEe5MLrAmr2nwiwEb-R3viVs0vG_eruCZ0aS0W8s5GtghkVTPOkCThPxFO1GOtm7U4JC1UVaIPAvEluz8DlHP4ygTFQ=s0-d-e1-ft#https://i1.cmail19.com/ei/d/AA/B5D/5B4/055547/csfinal/wellgo-logo-color-vertical.png
    skip image, not archived: https://ci3.googleusercontent.com/meips/ADKq_NbNVDWRSYHi4ci9R_xLcHqaQ9l26R5Dgvq5JhPRi4_VQJxEnh2tuQ-5nPaArX6ITA1usWaJxQnTbKJD-3DWFhX98lV7VoCzFu0rYxOGggPGSRFUaQx70codVUQYfRE5N36GLA=s0-d-e1-ft#https://i1.cmail19.com/ei/d/AA/B5D/5B4/055547/csfinal/01-9900000000079e3c.jpg
    skip image, not archived: https://ci3.googleusercontent.com/meips/ADKq_NZkHLpb6tjmN4dF4b_Gl-x77PYiwjm5Gx-6cAy0XFFMfK1NDSERVSzWdkuusiEJ61aixa7rByWFeuUKTnd9FPdDol9LPDjZwHjRRHAi2-LWEdMg9YPq=s0-d-e1-ft#https://i1.cmail19.com/ei/d/AA/B5D/5B4/055546/csfinal/image1.jpg
  skip 40926: produced zero blocks
  ok 40927 -> 955  [i]  長榮航空連續13年榮獲AirlineRatings.com飛安肯定 榮獲全球最安全航空公司第8名殊榮
  ok 40928 -> 956  [pppipppppp]  現代汽車Palisade榮獲2026北美年度風雲休旅車殊榮
  ok 40929 -> 957  [pppppppppppp]  流感在美国各地非常活跃，主要原因是K亚型流感病毒
  ok 40930 -> 958  [p]  国泰银行启动2026年奖学金申请
  ok 40931 -> 959  [i]  2026最低工資漲！職場知情法新規2/1前需完成
  ok 40932 -> 960  [v]  睽違8年多加拿大總理首訪華，卡尼能否打開加中合作新局？ 上
  ok 40933 -> 961  [v]  睽違8年多加拿大總理首訪華，卡尼能否打開加中合作新局？ 下
  ok 40934 -> 962  [p]  美国移民拘留规模再创新高：ICE拘押超7万人
  ok 40935 -> 963  [p]  特朗普放话：不配合美国“拿下”格陵兰的国家，或将被加征关税
  ok 40936 -> 964  [pv]  ICE致命枪击 中期选举年移民执法硬碰硬 | 热点追踪
  ok 40937 -> 965  [v]  中加经贸达成共识 特朗普:加方该做的事
  ok 40938 -> 966  [v]  格陵兰岛争议 美财长:美欧从未如此紧密
  ok 40939 -> 967  [pv]  横冲直撞！暴冲特攻队！
  ok 40940 -> 968  [v]  特朗普:全面准入格陵兰 不费一分一毫
  ok 40941 -> 969  [pippipppippp]  華美銀行集團 2025 年凈利創新高達 13 億美元
  ok 40942 -> 970  [pv]  拿下格陵兰 特朗普的套路有多深？ | 热点追踪
  ok 40943 -> 971  [v]  明尼苏达州爆发最大规模反ICE抗议集会
  ok 40944 -> 972  [v]  白宫等待明州枪击事件三项独立调查结果
  ok 40945 -> 973  [pppppippippipppppppp]  現代Palisade、IONIQ 5、Kona 榮獲 2026 凱利藍皮書三項最佳購買大獎
  ok 40946 -> 974  [v]  特朗普态度急转 避免明州成为政治负担
  ok 40947 -> 975  [p]  台灣風味老字號肉乾　選用美國最好牛肉
  ok 40948 -> 976  [i]  报税季开启！特朗普呼吁家庭开设“特朗普账户”
  ok 40949 -> 977  [p]  明州移民执法枪击事件：两名联邦执法人员开枪，已被行政休假
  ok 40950 -> 978  [p]  冬天去哪了？洛杉矶周末气温直冲80华氏度
    skip video, not archived: http://app.ifengus.com/2026/Jan/FHZX/FH-1.mp4
  skip 40951: produced zero blocks
    skip video, not archived: http://app.ifengus.com/2026/Jan/FHZX/FH-2.mp4
  skip 40952: produced zero blocks
  ok 40953 -> 979  [v]  鲁比奥:不排除先发制人军事行动对付伊朗
  ok 40954 -> 980  [p]  特斯拉“换赛道”！两款车型宣布停产，重点发展机器人
  ok 40955 -> 981  [p]  CDC最新报告出炉：美国人均预期寿命创历史新高
  ok 40956 -> 982  [i]  亞裔商業協會政行會挺 Brian Goldsmith 角逐加州第24選區參議員
  ok 40957 -> 983  [v]  特朗普:普京同意暂缓袭击乌克兰城市
  ok 40958 -> 984  [v]  司法部将公开爱泼斯坦案相关300万页文件
  ok 40959 -> 985  [i]  華美銀行重磅捐贈 助南加大亞太博物館開創藝術新里程
  ok 40960 -> 986  [pppiipppppiippiiipppppp]  福全健保 2026 聯邦醫療保險年度註冊人數成長近五成
  ok 40961 -> 987  [v]  特朗普启动120亿美元稀土矿物储备计划
  ok 40962 -> 988  [i]  吉尔·拜登前夫被捕：涉嫌杀害现任妻子，案件细节逐步浮出水面
  ok 40963 -> 989  [v]  美伊再现军事摩擦 白宫称外交仍是首选
  ok 40964 -> 990  [i]  迪士尼《美女與野獸》百老匯經典音樂劇 即將登陸
  ok 40965 -> 991  [ppppppippppp]  現代汽車榮獲八項2026 Car and Driver編輯首選大獎
  ok 40966 -> 992  [v]  美政府:撤走明州700名联邦移民执法人员
  ok 40967 -> 993  [v]  美俄同意恢复军事对话 核条约续约有望
  ok 40968 -> 994  [v]  特朗普转发视频将奥巴马夫妇描绘为"猿猴"
  ok 40969 -> 995  [i]  不去火星了？马斯克突然改口：要在月球建城市！
  ok 40970 -> 996  [p]  南加州好天气要结束了：本周将迎来降雨！
  ok 40971 -> 997  [v]  卢特尼克卷入爱泼斯坦案 两党议员促下台
  ok 40972 -> 998  [i]  失踪第9天！NBC女主播母亲疑遭绑架 劫匪索要600万美元比特币
  ok 40973 -> 999  [v]  卫星影像显示美军在中东加速蓄力
  ok 40975 -> 1000  [p]  新提案拟终结H-1B签证！
  ok 40976 -> 1001  [i]  用假身份买特斯拉！24岁中国女子被抓！
  ok 40977 -> 1002  [v]  加拿大校园枪击案9人死亡 枪手身份曝光
  ok 40978 -> 1003  [i]  天河大賭場賀新春：花車巡遊、無人機秀迎「耀馬飛揚」
  ok 40979 -> 1004  [i]  美国楼市降温？二手房销量大跌
  ok 40980 -> 1005  [i]  美国国务院：这类人员将直接吊销护照！
  ok 40981 -> 1006  [p]  科技大佬正远离加州！扎克伯格豪掷上亿美元在迈阿密安家只为“逃税”？
  ok 40982 -> 1007  [p]  最新数据出炉！失业率最高的13个专业，连计算机工程都上榜！
  ok 40984 -> 1008  [piipip]  INTERTREND新春慶典 互動裝置祝大家「馬到成功」
  ok 40985 -> 1009  [v]  特朗普:若美伊不能达成协议 后果很严重
  ok 40986 -> 1010  [v]  美军派遣第二艘航母"福特"号前往中东
  ok 40987 -> 1011  [p]  在加州湾区，年薪10万美元≈只值6万？
  ok 40988 -> 1012  [i]  毒品藏蜡烛里！佛罗里达州一华男被控重罪...
  ok 40989 -> 1013  [i]  天河大賭場新春醒獅慶典 2月15日登場
  ok 40990 -> 1014  [v]  苏翊鸣于单板滑雪坡障技巧赛夺中国首金
  ok 40991 -> 1015  [p]  突发！英国国王弟弟安德鲁王子被捕，被控出卖国家机密信息给爱泼斯坦
  ok 40992 -> 1016  [p]  摩根大通报告：美国中型企业关税支出暴涨两倍！
  ok 40993 -> 1017  [v]  特朗普给伊朗最后期限：需在10-15天达成协议
  ok 40994 -> 1018  [v]  最高法院推翻特朗普关税 白宫改道重启全球10%关税
  ok 40995 -> 1019  [pippppippppipipppp]  2026現代Palisade Hybrid榮獲Edmunds「頂級之選」最高評級
  ok 40996 -> 1020  [v]  特朗普威胁他国别玩花样 否则会再增关税
  skip 40997: category not mapped: 留学攻略
  ok 40998 -> 1021  [p]  特朗普宣布“全民退休账户”计划！为5600万美国人最高配这么多钱...
  ok 40999 -> 1022  [p]  特朗普：伊朗正在研制能够打到美国的导弹！
  ok 41000 -> 1023  [v]  特朗普全球关税生效 暂按10%落地
  ok 41001 -> 1024  [ppipipip]  Franklin Academy 隆重举办“2026 新春酬谢晚会”
  ok 41002 -> 1025  [v]  美国东北部遭遇暴雪 多地开展除雪作业
  ok 41003 -> 1026  [v]  沪上阿姨登陆尔湾！开业首日人气爆棚
  ok 41004 -> 1027  [p]  美国抵押贷款利率近4年来首次跌破6%！
  ok 41005 -> 1028  [p]  美伊第三轮谈判结束！阿曼称取得“重大进展”！战云暂缓？
  ok 41006 -> 1029  [v]  當製造業遇見城市：Prince George 的新引擎  上
  ok 41007 -> 1030  [v]  當製造業遇見城市：Prince George 的新引擎  下
  ok 41008 -> 1031  [v]  最高法裁定特朗普关税违法 退款悬而未决
  ok 41009 -> 1032  [p]  加价战尘埃落定：派拉蒙胜出，Netflix退出华纳争夺
  ok 41010 -> 1033  [p]  特朗普要接管古巴？美古高层被曝秘密接触
  ok 41011 -> 1034  [v]  特朗普称美国或友好接管古巴
  ok 41012 -> 1035  [v]  "史诗怒火"行动第三天 特朗普强硬辩护
  ok 41013 -> 1036  [v]  美驻阿联酋领事馆附近区域遭无人机袭击
  ok 41014 -> 1037  [p]  美国2月新增6.3万就业岗位！居然全靠这几个行业支撑
  ok 41015 -> 1038  [p]  美方：“永久终结”伊朗的核武野心！已击中20多艘伊朗舰船
  ok 41016 -> 1039  [i]  599美元杀入市场！苹果最便宜Mac笔记本来了
  ok 41017 -> 1040  [v]  美对伊行动升级 称将全面掌控伊朗领空
  ok 41018 -> 1041  [p]  特朗普放话：伊朗新领袖我也要选，哈梅内伊儿子“不行”
  ok 41019 -> 1042  [i]  “小甜甜”布兰妮昨夜被南加州警方逮捕，原因是...
  ok 41020 -> 1043  [v]  美媒:美军打击伊朗行动使用AI辅助决策
  ok 41021 -> 1044  [p]  战火推高油价 南加州逼近$5 特朗普回应：我不担心！
  ok 41022 -> 1045  [p]  恐慌蔓延！民众担心2.5万人洛杉矶马拉松恐成伊朗报复目标!
  ok 41023 -> 1046  [ippppppp]  「大莊家賭場度假村」呈獻《羅大佑 & 春龍交響樂團2026交響夜》
  ok 41024 -> 1047  [v]  以军摧毁已故伊朗最高领袖哈梅内伊地堡
  ok 41025 -> 1048  [ipppppppppppppppppppppppppppppppp]  「天河大賭場」三月呈獻精彩活動與豐厚大獎
  ok 41026 -> 1049  [v]  伊朗小学爆炸新证据指向美军
  ok 41027 -> 1050  [v]  美伊互放强硬信号 全球能源市场承压
  ok 41028 -> 1051  [v]  美媒:美军调查指"战斧"导弹误击伊朗小学
  ok 41029 -> 1052  [ipppipppippp]  太子牌花旗參全額退款保證 買得安心 帶得放心
  ok 41030 -> 1053  [v]  以总理战后首次记者会 威胁伊朗新领袖
  ok 41031 -> 1054  [v]  培養跨界人才，譜寫教育新篇章 上
  ok 41032 -> 1055  [v]  培養跨界人才，譜寫教育新篇章 下
  ok 41033 -> 1056  [v]  美以伊战事满两周 以军累计空袭7600余次
  ok 41034 -> 1057  [iipppipppipppp]  現代汽車歡慶在美國四十周年的進步與成就
  ok 41035 -> 1058  [ipppppi]  回收有回報：Walnut機油濾油器回收活動！
  ok 41036 -> 1059  [pi]  「大莊家賭場度假村」豪送220萬美元橙縣豪宅 Home Sweet Win！
  ok 41037 -> 1060  [ipppppippppppppp]  「天河大賭場」擴建遊戲大廳，新增300台老虎機，總數達2,500台，度假村轉型蓄勢待發
  ok 41038 -> 1061  [v]  特朗普批评北约拒赴霍尔木兹海峡护航
  ok 41039 -> 1062  [v]  以军称对伊朗军事行动尚未进行至一半
  ok 41040 -> 1063  [v]  美军三艘军舰与数千海军陆战队开赴中东
  ok 41041 -> 1064  [pipppppppppppi]  美国华人社团联合会第十二届第一次会员代表大会在洛杉矶隆重举行
  ok 41042 -> 1065  [pippppppp]  重温青春，跨海团圆：2026「校园民歌50年」北美巡回演唱会重磅开启！
  skip 41043: category not mapped: 报税
  ok 41044 -> 1066  [v]  巴基斯坦通过秘密渠道斡旋美伊冲突
  ok 41045 -> 1067  [v]  紀實文學作家郭五一的行走人生 上
    skip video, not archived: http://http//app.ifengus.com/2026/Mar/FHZX/0325/fh2.mp4
  skip 41046: produced zero blocks
  ok 41047 -> 1068  [p]  百万美元换绿卡？特朗普金卡遇冷 富豪为何不敢买？
  ok 41048 -> 1069  [v]  特朗普对伊朗发出最后通牒 威胁升级
  ok 41049 -> 1070  [pippppppppppp]  突发｜“华人神探”李昌钰去世：破解世纪悬案的传奇人生落幕
  ok 41050 -> 1071  [v]  美国预计本周将与伊朗举行停火会谈
  ok 41051 -> 1072  [ipppppppppppppppppppppppppp]  「天河大賭場」四月精彩活動 衝刺百萬里程碑
  ok 41052 -> 1073  [pipppppppppppppppppppp]  現代汽車紐約車展啟動「Next Starts Now」 迎2026世盃展示機器人科技
  ok 41053 -> 1074  [i]  2026 年華埠服務中心青少年獎學金開放申請 助低收入學生邁向高等教育之路
  ok 41054 -> 1075  [ippppippipppp]  走进六所世界顶尖学府：在 AI 时代点亮“心力”的未来坐标
  ok 41055 -> 1076  [v]  特朗普威胁对援伊朗武器国家加征50%关税
  ok 41056 -> 1077  [pippppppppppppppppppppppi]  守护生命的秩序：褐藻糖胶在「身体大规模重整」后的机能维护
  ok 41057 -> 1078  [pppppp]  中东炮火正在烧空美国人的钱包！加州油价突破每加仑8美元 谁在为战争买单？
  ok 41058 -> 1079  [pppppp]  拿走石油还要断其后路？美国为何死掐马杜罗的“辩护救命钱”？
  ok 41059 -> 1080  [ppppp]  主和派万斯还是强硬派鲁比奥？一场伊朗战争，正选出美国下任掌舵人
  ok 41060 -> 1081  [ppppppp]  谈判全是烟雾弹？美伊谈判还能继续下去吗？真相究竟为何？
  ok 41061 -> 1082  [ppppp]  美国 BA.3.2  型新冠变种病例正在上升
  ok 41063 -> 1083  [ppppppp]  不再给北约兜底！特朗普对北约“最后通牒” 不交钱 美国就不玩了？
  ok 41064 -> 1084  [v]  多国批评美封锁霍尔木兹海峡举措
  ok 41065 -> 1085  [pppppppppppppppppp]  “必胜公式”失灵！油价飙升、民怨沸腾，美伊之战特朗普将如何收场？
  ok 41066 -> 1086  [v]  特朗普呛教宗拒道歉 引美民众不满
  ok 41067 -> 1087  [v]  美防长:封锁已是"礼貌" 劝伊朗明智选择
  ok 41068 -> 1088  [i]  第二十九届哈佛中国论坛回顾
  ok 41069 -> 1089  [i]  2026耶鲁中美峰会回顾
  ok 41070 -> 1090  [pppppppppppppppppp]  挑战公民权败诉！特朗普亲口承认驱逐“做过头”，ICE变阵背后藏着什么算盘？
  ok 41071 -> 1091  [pppppppppppppppppp]  美伊战火烧出致命裂痕：吕特低调求和却碰壁，北约正走向事实性崩塌？
  ok 41072 -> 1092  [pppppppppppp]  mRNA疫苗有望减轻流感季的负担，预防癌症，甚至提供治疗选择
  ok 41073 -> 1093  [iip]  新晉百萬富翁誕生：「大莊家」Dragon Link再爆百萬頭彩
  ok 41074 -> 1094  [piiiiv]  東方醇香禮敬世界：五糧液攜手大文行亮相 WSWA Access Live，詮釋「和美」新高度
  ok 41076 -> 1095  [ppippppippppipppipppppipppipppippppippppppppppi]  北美春节档重磅来袭，《镖人：风起大漠》亮刀!
  ok 41077 -> 1096  [i]  春季过敏与免疫重建：营养是第一线“战斗力”——专访海之滴总经理小林大介，解析免疫支持与褐藻糖胶的科学奥秘
  ok 41078 -> 1097  [ippppppppppppppi]  劉若英《飛行日》巡演美國三城啟航　108場里程碑再現四面台震撼舞台
  ok 41079 -> 1098  [v]  白宫晚宴枪击案嫌疑人在华盛顿首次出庭
  ok 41080 -> 1099  [i]  聖荷西女子與夫同中108萬大獎創紀錄
  ok 41081 -> 1100  [pipipipipp]  WeTrust Realty年度盛会在洛杉矶圆满举行
  ok 41082 -> 1101  [v]  美伊在霍尔木兹海峡交火 停火协议受冲击
  ok 41083 -> 1102  [ippppp]  周華健2026《少年的奇幻之旅3.0》洛杉磯開唱
  ok 41084 -> 1103  [i]  劉若英《飛行日》美國三城啟航　萬人四面台震撼登場
  ok 41085 -> 1104  [iipppppppppp]  「天河大賭場」豪華酒店動土啟動　擴建創造新職位
  ok 41086 -> 1105  [iipppppippipipppippipippppipppppippppp]  “叩山问水·纵横丹青”周平珖绘画艺术展
  ok 41087 -> 1106  [ipippp]  山河入画，富丽归心——周平珖中国画作品观后
  ok 41088 -> 1107  [p]  Brian Goldsmith選州參議員 聚焦槍暴與亞裔安全
  skip 41089: category not mapped: 国际
  ok 41090 -> 1108  [v]  特朗普起程访华 聚焦中美贸易淡化伊朗议题
  ok 41091 -> 1109  [ippppppppppppppppppppp]  「天河大賭場」酒店擴建動土　$55萬幸運尋寶大抽獎登場
  ok 41093 -> 1110  [ppppipppppippppppip]  許氏參業春季限量新鮮花旗春參登場　保留天然營養引爆養生關注
  ok 41094 -> 1111  [ppppppipppppppppipipipi]  著名畫家周平珖《叩山問水·縱橫丹青》繪畫藝術展
  ok 41095 -> 1112  [v]  中国外长王毅抵达加拿大渥太华开展访问
  ok 41096 -> 1113  [pppppppppp]  北美現代汽車向洛杉磯市立圖書館捐贈兩萬五千美元 用於支持亞太裔繼承月活動和青少年寫作比賽
  ok 41097 -> 1114  [v]  伊朗称暂停谈判 特朗普坚称接触仍在继续
  ok 41098 -> 1115  [ppppppppp]  中非埃博拉疫情控制难度极大，但数十年的经验将有所助益
  ok 41099 -> 1116  [v]  美参议院通过700亿美元移民拨款案
  ok 41100 -> 1117  [pippipppppppppppipppppppppppppppi]  海之滴日夜雙配方亞洲巡迴講座圓滿舉行　專利籠目昆布成矚目焦點
  ok 41101 -> 1118  [v]  特朗普10万美元H-1B签证费遭推翻
  ok 41102 -> 1119  [v]  美伊局势急转弯 特朗普宣布取消新一轮空袭
  ok 41103 -> 1120  [pppppppppppppp]  史诗级IPO！SpaceX上市两日即疯狂，市值直逼2.5万亿美元！
  ok 41104 -> 1121  [pppppp]  埃博拉疫情应对难以跟上
  ok 41105 -> 1122  [ppip]  現代汽車五款車型榮登《美國新聞》2026最佳探險車榜
  ok 41106 -> 1123  [ppppppppppppi]  現代汽車三車款奪J.D. Power新車品質榜首
  ok 41107 -> 1124  [i]  周深唱主題曲＋劉偉強監製，這仗我追定了！《四渡》7.10 北美！
  ok 41108 -> 1125  [pippp]  聖曼努埃爾投資局完成對 The Mission Inn Hotel & Spa 的收購
  ok 41110 -> 1126  [ppiii]  《CROSSING（四渡）》– 美國及加拿大最新院線上映資訊更新
  ok 41111 -> 1127  [v]  特朗普：普京和泽连斯基都想结束战争
    skip video, not archived: http://app.ifengus.com/2026/Jul/chengdu/%E8%A5%BF%E6%9C%9B%E6%88%90%E9%83%BD_%E7%AC%AC%E4%B8%80%E6%9C%9F-%E7%AC%AC%E4%B8%89%E6%9C%9F_%20%E7%94%9F%E7%94%9F%E4%B8%8D%E5%B7%B2%20%E5%AE%89%E4%B9%90%E5%93%B2%E4%B8%8E%E4%B8%AD%E5%9B%BD%E5%93%B2%E5%AD%A6-%E5%A4%96%E6%B5%B7%E4%BE%9B%E6%92%AD%E8%A5%BF%E6%9C%9B%E6%A0%87_%E4%B8%89%E9%9B%86%E9%80%A3%E6%92%AD_HD_36min_Chinese.mp4
  skip 41112: produced zero blocks
  ok 41113 -> 1128  [v]  友谊见证者
  ok 41114 -> 1129  [piipipppi]  現代汽車首秀2026 FIFA世界盃™ Atlas人型機器人
  ok 41115 -> 1130  [i]  「大莊家」推出星級會籍配對計劃
  ok 41116 -> 1131  [ipipipipipipipi]  「看世界盃 喝五糧液」 大國濃香直接香到世界盃賽場
  ok 41117 -> 1132  [v]  CES展会今日落幕 预计2026行业收入将超五千亿美元
  ok 41118 -> 1133  [v]  CES首日开幕迎14万观众进场
  ok 41119 -> 1134  [v]  石头科技智能家用机器人亮相2026 CES
  ok 41120 -> 1135  [v]  GTB全球领先品牌颁奖典礼 拉斯维加斯隆重举行
  ok 41121 -> 1136  [v]  Inno Valley& SZBay科技创新中心携中国品牌亮相CES
  ok 41122 -> 1137  [v]  TCL华星APEX臻图亮相CES
  ok 41123 -> 1138  [v]  xTool首款UV打印机亮相CES 全新AI创作智能体AImake重塑创意制造
    skip video, not archived: sftp://ftpadmin@appadmin.ifengus.com/home/tomcat/ROOT/2026CES/08%20%E5%82%B3%E4%B8%9E%E7%92%B0%E7%90%83%E8%88%87%E7%92%BD%E6%A0%BC%E5%92%8CVibeLens%E5%85%B1%E5%90%8C%E6%8E%A8%E5%87%BA%E5%85%A8%E6%96%B0%E8%80%B3%E6%A9%9F.mp4
  skip 41124: produced zero blocks
  ok 41125 -> 1139  [v]  深圳科创学院组团亮相CES 广受好评
  ok 41126 -> 1140  [v]  CES展会今日落幕 预计2026行业收入将超五千亿美元
  ok 41127 -> 1141  [v]  CES 2026 具身智能与创新领域 中国公司大放异彩
  ok 41128 -> 1142  [v]  CES透露的未来：AI、机器人与智能生活大爆发
  ok 41129 -> 1143  [v]  特朗普警告升级 威胁打击伊朗民用设施
  ok 41130 -> 1144  [v]  特朗普：伊朗寻求会谈，美伊将恢复接触
  ok 41131 -> 1145  [i]  洛杉磯台美商會攜手許氏參業 推廣健康養生新生活
  ok 41132 -> 1146  [ipppipp]  華美銀行集團第二季營收創新高 每股收益年增18%
  ok 41133 -> 1147  [ipppppppp]  四載輝煌時光，精彩禮遇歡慶一整月
  ok 41135 -> 1148  [ip]  大莊家賭場度假村入圍《USA Today》10Best
  ok 41136 -> 1149  [pppippppippppipipiipipip]  美国奥淇宏盛北卡分公司盛大启幕
  ok 41137 -> 1150  [ppppipppppppippppppipipiipipip]  美国奥淇宏盛北卡分公司盛大启幕——携手美国三角会计集团，共启专业服务新篇章
  ok 41138 -> 1151  [i]  「天河大賭場」獲《Sacramento Business Journal》企業公民獎，社區投資與2026年JACKPOT派彩創新高
  ok 41139 -> 1152  [i]  [新聞稿] 打造社區美學 華埠服務中心8日揭幕阿罕布拉市主題壁畫
  ok 41140 -> 1153  [i]  「大莊家賭場度假村」呈獻「百萬耀金秋」現金及EASYPLAY®大抽獎
  ok 41141 -> 1154  [ip]  「天河大賭場」九月精彩活動接連登場　勞工節、中秋獎賞禮遇享不停
  ok 41142 -> 1155  [i]  《给阿嬷的情书》9月4日北美上映｜带家人一起，听见记忆里的乡音

16 media URLs had no archived file:
  https://ifengus.com/assets/addons/cms/img/noimage.jpg
  https://lh7-rt.googleusercontent.com/docsz/AD_4nXevmTodvSSks4eJ7ruMCoWwMnOwOZqh3-k1snWCAqVgCDdVnuNFA5vHRJZAILhZTLppb9pDQQMu55PXz1wBgZRB0Aum96lsewTwU2sta-wUAvEz28l9cpVdNhQEq2fvlDDm3HhT4A?key=y4w9uqqz-GwhSz6PhCeeJnOc
  http://app.ifengus.com/2025/Mar/USNEWS/0325XW/0.mp4
  http://app.ifengus.com/2025/Mar/FCMZ/0401.mp4
  http://app.ifengus.com/2025/Sept/FCMZ/0923.mp4
  https://statics.xiumi.us/stc/images/templates-assets/tpl-paper/image/3cf0c13abe591648c2010b6587fb5e9f-sz_6939.png
  http://app.ifengus.com/2025/Dec/TTHT/1202.mp4
  http://app.ifengus.com/2025/Dec/USNEWS/1211/0.mp4
  https://ci3.googleusercontent.com/meips/ADKq_Nbqo_TMSrwAlzBXhZf4ZoomD_qU6EtQTBXpqyiqAT5GyJusjYYCnEe5MLrAmr2nwiwEb-R3viVs0vG_eruCZ0aS0W8s5GtghkVTPOkCThPxFO1GOtm7U4JC1UVaIPAvEluz8DlHP4ygTFQ=s0-d-e1-ft#https://i1.cmail19.com/ei/d/AA/B5D/5B4/055547/csfinal/wellgo-logo-color-vertical.png
  https://ci3.googleusercontent.com/meips/ADKq_NbNVDWRSYHi4ci9R_xLcHqaQ9l26R5Dgvq5JhPRi4_VQJxEnh2tuQ-5nPaArX6ITA1usWaJxQnTbKJD-3DWFhX98lV7VoCzFu0rYxOGggPGSRFUaQx70codVUQYfRE5N36GLA=s0-d-e1-ft#https://i1.cmail19.com/ei/d/AA/B5D/5B4/055547/csfinal/01-9900000000079e3c.jpg
  https://ci3.googleusercontent.com/meips/ADKq_NZkHLpb6tjmN4dF4b_Gl-x77PYiwjm5Gx-6cAy0XFFMfK1NDSERVSzWdkuusiEJ61aixa7rByWFeuUKTnd9FPdDol9LPDjZwHjRRHAi2-LWEdMg9YPq=s0-d-e1-ft#https://i1.cmail19.com/ei/d/AA/B5D/5B4/055546/csfinal/image1.jpg
  http://app.ifengus.com/2026/Jan/FHZX/FH-1.mp4
  http://app.ifengus.com/2026/Jan/FHZX/FH-2.mp4
  http://http//app.ifengus.com/2026/Mar/FHZX/0325/fh2.mp4
  http://app.ifengus.com/2026/Jul/chengdu/%E8%A5%BF%E6%9C%9B%E6%88%90%E9%83%BD_%E7%AC%AC%E4%B8%80%E6%9C%9F-%E7%AC%AC%E4%B8%89%E6%9C%9F_%20%E7%94%9F%E7%94%9F%E4%B8%8D%E5%B7%B2%20%E5%AE%89%E4%B9%90%E5%93%B2%E4%B8%8E%E4%B8%AD%E5%9B%BD%E5%93%B2%E5%AD%A6-%E5%A4%96%E6%B5%B7%E4%BE%9B%E6%92%AD%E8%A5%BF%E6%9C%9B%E6%A0%87_%E4%B8%89%E9%9B%86%E9%80%A3%E6%92%AD_HD_36min_Chinese.mp4
  sftp://ftpadmin@appadmin.ifengus.com/home/tomcat/ROOT/2026CES/08%20%E5%82%B3%E4%B8%9E%E7%92%B0%E7%90%83%E8%88%87%E7%92%BD%E6%A0%BC%E5%92%8CVibeLens%E5%85%B1%E5%90%8C%E6%8E%A8%E5%87%BA%E5%85%A8%E6%96%B0%E8%80%B3%E6%A9%9F.mp4

1085 imported, 32 skipped, 0 failed
